Archive member included because of file (symbol)

c:/program files (x86)/atollic/truestudio for arm 5.4.0/armtools/bin/../lib/gcc/arm-atollic-eabi/4.8.3/../../../../arm-atollic-eabi/lib/armv7-m\libc.a(lib_a-init.o)
                              src\startup_stm32f10x_hd.o (__libc_init_array)
c:/program files (x86)/atollic/truestudio for arm 5.4.0/armtools/bin/../lib/gcc/arm-atollic-eabi/4.8.3/../../../../arm-atollic-eabi/lib/armv7-m\libc.a(lib_a-reent.o)
                              src\syscalls.o (errno)
c:/program files (x86)/atollic/truestudio for arm 5.4.0/armtools/bin/../lib/gcc/arm-atollic-eabi/4.8.3/../../../../arm-atollic-eabi/lib/armv7-m\libc.a(lib_a-freer.o)
                              c:/program files (x86)/atollic/truestudio for arm 5.4.0/armtools/bin/../lib/gcc/arm-atollic-eabi/4.8.3/../../../../arm-atollic-eabi/lib/armv7-m\libc.a(lib_a-reent.o) (_free_r)
c:/program files (x86)/atollic/truestudio for arm 5.4.0/armtools/bin/../lib/gcc/arm-atollic-eabi/4.8.3/../../../../arm-atollic-eabi/lib/armv7-m\libc.a(lib_a-impure.o)
                              c:/program files (x86)/atollic/truestudio for arm 5.4.0/armtools/bin/../lib/gcc/arm-atollic-eabi/4.8.3/../../../../arm-atollic-eabi/lib/armv7-m\libc.a(lib_a-reent.o) (_impure_ptr)
c:/program files (x86)/atollic/truestudio for arm 5.4.0/armtools/bin/../lib/gcc/arm-atollic-eabi/4.8.3/../../../../arm-atollic-eabi/lib/armv7-m\libc.a(lib_a-mallocr.o)
                              c:/program files (x86)/atollic/truestudio for arm 5.4.0/armtools/bin/../lib/gcc/arm-atollic-eabi/4.8.3/../../../../arm-atollic-eabi/lib/armv7-m\libc.a(lib_a-freer.o) (__malloc_current_mallinfo)
c:/program files (x86)/atollic/truestudio for arm 5.4.0/armtools/bin/../lib/gcc/arm-atollic-eabi/4.8.3/../../../../arm-atollic-eabi/lib/armv7-m\libc.a(lib_a-mlock.o)
                              c:/program files (x86)/atollic/truestudio for arm 5.4.0/armtools/bin/../lib/gcc/arm-atollic-eabi/4.8.3/../../../../arm-atollic-eabi/lib/armv7-m\libc.a(lib_a-freer.o) (__malloc_lock)
c:/program files (x86)/atollic/truestudio for arm 5.4.0/armtools/bin/../lib/gcc/arm-atollic-eabi/4.8.3/../../../../arm-atollic-eabi/lib/armv7-m\libc.a(lib_a-sbrkr.o)
                              c:/program files (x86)/atollic/truestudio for arm 5.4.0/armtools/bin/../lib/gcc/arm-atollic-eabi/4.8.3/../../../../arm-atollic-eabi/lib/armv7-m\libc.a(lib_a-freer.o) (_sbrk_r)
c:/program files (x86)/atollic/truestudio for arm 5.4.0/armtools/bin/../lib/gcc/arm-atollic-eabi/4.8.3/armv7-m\libgcc.a(_arm_addsubdf3.o)
                              Utilities\STM32_EVAL\STM3210E_EVAL\stm3210e_eval_lcd.o (__aeabi_ui2d)
c:/program files (x86)/atollic/truestudio for arm 5.4.0/armtools/bin/../lib/gcc/arm-atollic-eabi/4.8.3/armv7-m\libgcc.a(_arm_cmpdf2.o)
                              Utilities\STM32_EVAL\STM3210E_EVAL\stm3210e_eval_lcd.o (__aeabi_dcmplt)

Allocating common symbols
Common symbol       size              file

LCD_CacheBuffer_yptr_bottom_bak
                    0x2               Utilities\STM32_EVAL\Common\lcd_log.o
LCD_CacheBuffer_yptr_top_bak
                    0x2               Utilities\STM32_EVAL\Common\lcd_log.o
SDIO_CmdInitStructure
                    0x14              Utilities\STM32_EVAL\STM3210E_EVAL\stm3210e_eval_sdio_sd.o
errno               0x4               c:/program files (x86)/atollic/truestudio for arm 5.4.0/armtools/bin/../lib/gcc/arm-atollic-eabi/4.8.3/../../../../arm-atollic-eabi/lib/armv7-m\libc.a(lib_a-reent.o)
CAN_InitStructure   0xc               src\main.o
LCD_CacheBuffer_yptr_bottom
                    0x2               Utilities\STM32_EVAL\Common\lcd_log.o
LCD_CacheBuffer_xptr
                    0x2               Utilities\STM32_EVAL\Common\lcd_log.o
SDCardInfo          0x58              Utilities\STM32_EVAL\STM3210E_EVAL\stm3210e_eval_sdio_sd.o
SDIO_InitStructure  0x18              Utilities\STM32_EVAL\STM3210E_EVAL\stm3210e_eval_sdio_sd.o
LCD_CacheBuffer_yptr_invert
                    0x1               Utilities\STM32_EVAL\Common\lcd_log.o
SDIO_DataInitStructure
                    0x18              Utilities\STM32_EVAL\STM3210E_EVAL\stm3210e_eval_sdio_sd.o
LCD_Lock            0x1               Utilities\STM32_EVAL\Common\lcd_log.o
LCD_Scrolled        0x1               Utilities\STM32_EVAL\Common\lcd_log.o
CAN_FilterInitStructure
                    0xe               src\main.o
LCD_CacheBuffer_yptr_top
                    0x2               Utilities\STM32_EVAL\Common\lcd_log.o
LCD_ScrollActive    0x1               Utilities\STM32_EVAL\Common\lcd_log.o
LCD_CacheBuffer     0xc98             Utilities\STM32_EVAL\Common\lcd_log.o
USART_InitStructure
                    0x10              src\main.o
LCD_LineColor       0x2               Utilities\STM32_EVAL\Common\lcd_log.o
TxMessage           0x14              src\main.o
RxMessage           0x14              src\stm32f10x_it.o
LCD_ScrollBackStep  0x2               Utilities\STM32_EVAL\Common\lcd_log.o

Discarded input sections

[...]
Memory Configuration

Name             Origin             Length             Attributes
FLASH            0x08000000         0x00010000         xr
RAM              0x20000000         0x00005000         xrw
MEMORY_B1        0x60000000         0x00000000         xr
*default*        0x00000000         0xffffffff

Linker script and memory map

LOAD c:/program files (x86)/atollic/truestudio for arm 5.4.0/armtools/bin/../lib/gcc/arm-atollic-eabi/4.8.3/armv7-m/crti.o
LOAD c:/program files (x86)/atollic/truestudio for arm 5.4.0/armtools/bin/../lib/gcc/arm-atollic-eabi/4.8.3/armv7-m/crtbegin.o
LOAD src\tiny_printf.o
LOAD src\system_stm32f10x.o
LOAD src\syscalls.o
LOAD src\stm32f10x_it.o
LOAD src\startup_stm32f10x_hd.o
LOAD src\main.o
LOAD Utilities\STM32_EVAL\STM3210E_EVAL\stm3210e_eval_spi_flash.o
LOAD Utilities\STM32_EVAL\STM3210E_EVAL\stm3210e_eval_sdio_sd.o
LOAD Utilities\STM32_EVAL\STM3210E_EVAL\stm3210e_eval_lcd.o
LOAD Utilities\STM32_EVAL\STM3210E_EVAL\stm3210e_eval_i2c_tsensor.o
LOAD Utilities\STM32_EVAL\STM3210E_EVAL\stm3210e_eval_fsmc_sram.o
LOAD Utilities\STM32_EVAL\STM3210E_EVAL\stm3210e_eval_fsmc_nor.o
LOAD Utilities\STM32_EVAL\STM3210E_EVAL\stm3210e_eval_fsmc_nand.o
LOAD Utilities\STM32_EVAL\STM3210E_EVAL\stm3210e_eval.o
LOAD Utilities\STM32_EVAL\Common\lcd_log.o
LOAD Utilities\STM32_EVAL\Common\fonts.o
LOAD Libraries\STM32F10x_StdPeriph_Driver\src\stm32f10x_wwdg.o
LOAD Libraries\STM32F10x_StdPeriph_Driver\src\stm32f10x_usart.o
LOAD Libraries\STM32F10x_StdPeriph_Driver\src\stm32f10x_tim.o
LOAD Libraries\STM32F10x_StdPeriph_Driver\src\stm32f10x_spi.o
LOAD Libraries\STM32F10x_StdPeriph_Driver\src\stm32f10x_sdio.o
LOAD Libraries\STM32F10x_StdPeriph_Driver\src\stm32f10x_rtc.o
LOAD Libraries\STM32F10x_StdPeriph_Driver\src\stm32f10x_rcc.o
LOAD Libraries\STM32F10x_StdPeriph_Driver\src\stm32f10x_pwr.o
LOAD Libraries\STM32F10x_StdPeriph_Driver\src\stm32f10x_iwdg.o
LOAD Libraries\STM32F10x_StdPeriph_Driver\src\stm32f10x_i2c.o
LOAD Libraries\STM32F10x_StdPeriph_Driver\src\stm32f10x_gpio.o
LOAD Libraries\STM32F10x_StdPeriph_Driver\src\stm32f10x_fsmc.o
LOAD Libraries\STM32F10x_StdPeriph_Driver\src\stm32f10x_flash.o
LOAD Libraries\STM32F10x_StdPeriph_Driver\src\stm32f10x_exti.o
LOAD Libraries\STM32F10x_StdPeriph_Driver\src\stm32f10x_dma.o
LOAD Libraries\STM32F10x_StdPeriph_Driver\src\stm32f10x_dbgmcu.o
LOAD Libraries\STM32F10x_StdPeriph_Driver\src\stm32f10x_dac.o
LOAD Libraries\STM32F10x_StdPeriph_Driver\src\stm32f10x_crc.o
LOAD Libraries\STM32F10x_StdPeriph_Driver\src\stm32f10x_cec.o
LOAD Libraries\STM32F10x_StdPeriph_Driver\src\stm32f10x_can.o
LOAD Libraries\STM32F10x_StdPeriph_Driver\src\stm32f10x_bkp.o
LOAD Libraries\STM32F10x_StdPeriph_Driver\src\stm32f10x_adc.o
LOAD Libraries\STM32F10x_StdPeriph_Driver\src\misc.o
LOAD c:/program files (x86)/atollic/truestudio for arm 5.4.0/armtools/bin/../lib/gcc/arm-atollic-eabi/4.8.3/../../../../arm-atollic-eabi/lib/armv7-m\libm.a
START GROUP
LOAD c:/program files (x86)/atollic/truestudio for arm 5.4.0/armtools/bin/../lib/gcc/arm-atollic-eabi/4.8.3/../../../../arm-atollic-eabi/lib/armv7-m\libc.a
LOAD c:/program files (x86)/atollic/truestudio for arm 5.4.0/armtools/bin/../lib/gcc/arm-atollic-eabi/4.8.3/../../../../arm-atollic-eabi/lib/armv7-m\libm.a
END GROUP
                0x00001000                malloc_getpagesize_P = 0x1000
START GROUP
LOAD c:/program files (x86)/atollic/truestudio for arm 5.4.0/armtools/bin/../lib/gcc/arm-atollic-eabi/4.8.3/armv7-m\libgcc.a
LOAD c:/program files (x86)/atollic/truestudio for arm 5.4.0/armtools/bin/../lib/gcc/arm-atollic-eabi/4.8.3/../../../../arm-atollic-eabi/lib/armv7-m\libc.a
END GROUP
LOAD c:/program files (x86)/atollic/truestudio for arm 5.4.0/armtools/bin/../lib/gcc/arm-atollic-eabi/4.8.3/armv7-m/crtend.o
LOAD c:/program files (x86)/atollic/truestudio for arm 5.4.0/armtools/bin/../lib/gcc/arm-atollic-eabi/4.8.3/armv7-m/crtn.o
                0x20005000                _estack = 0x20005000
                0x00000000                _Min_Heap_Size = 0x0
                0x00000100                _Min_Stack_Size = 0x100

.isr_vector     0x08000000      0x1e4
                0x08000000                . = ALIGN (0x4)
 *(.isr_vector)
 .isr_vector    0x08000000      0x1e4 src\startup_stm32f10x_hd.o
                0x08000000                g_pfnVectors
                0x080001e4                . = ALIGN (0x4)

.text           0x080001e4     0x1520
                0x080001e4                . = ALIGN (0x4)
 *(.text)
 .text          0x080001e4       0x40 c:/program files (x86)/atollic/truestudio for arm 5.4.0/armtools/bin/../lib/gcc/arm-atollic-eabi/4.8.3/armv7-m/crtbegin.o
 *(.text*)
 .text.SystemInit
                0x08000224       0x68 src\system_stm32f10x.o
                0x08000224                SystemInit
 .text.SetSysClock
                0x0800028c        0xc src\system_stm32f10x.o
 .text.SetSysClockTo72
                0x08000298      0x100 src\system_stm32f10x.o
 .text.NMI_Handler
                0x08000398        0xc src\stm32f10x_it.o
                0x08000398                NMI_Handler
 .text.HardFault_Handler
                0x080003a4        0x8 src\stm32f10x_it.o
                0x080003a4                HardFault_Handler
 .text.MemManage_Handler
                0x080003ac        0x8 src\stm32f10x_it.o
                0x080003ac                MemManage_Handler
 .text.BusFault_Handler
                0x080003b4        0x8 src\stm32f10x_it.o
                0x080003b4                BusFault_Handler
 .text.UsageFault_Handler
                0x080003bc        0x8 src\stm32f10x_it.o
                0x080003bc                UsageFault_Handler
 .text.SVC_Handler
                0x080003c4        0xc src\stm32f10x_it.o
                0x080003c4                SVC_Handler
 .text.DebugMon_Handler
                0x080003d0        0xc src\stm32f10x_it.o
                0x080003d0                DebugMon_Handler
 .text.PendSV_Handler
                0x080003dc        0xc src\stm32f10x_it.o
                0x080003dc                PendSV_Handler
 .text.SysTick_Handler
                0x080003e8        0xc src\stm32f10x_it.o
                0x080003e8                SysTick_Handler
 .text.USB_LP_CAN1_RX0_IRQHandler
                0x080003f4       0x4c src\stm32f10x_it.o
                0x080003f4                USB_LP_CAN1_RX0_IRQHandler
 .text.Reset_Handler
                0x08000440       0x50 src\startup_stm32f10x_hd.o
                0x08000440                Reset_Handler
 .text.Default_Handler
                0x08000490        0x4 src\startup_stm32f10x_hd.o
                0x08000490                EXTI2_IRQHandler
                0x08000490                TIM8_TRG_COM_IRQHandler
                0x08000490                TIM8_CC_IRQHandler
                0x08000490                TIM1_CC_IRQHandler
                0x08000490                TIM6_IRQHandler
                0x08000490                PVD_IRQHandler
                0x08000490                SDIO_IRQHandler
                0x08000490                EXTI3_IRQHandler
                0x08000490                EXTI0_IRQHandler
                0x08000490                I2C2_EV_IRQHandler
                0x08000490                ADC1_2_IRQHandler
                0x08000490                SPI1_IRQHandler
                0x08000490                TAMPER_IRQHandler
                0x08000490                TIM8_UP_IRQHandler
                0x08000490                DMA2_Channel2_IRQHandler
                0x08000490                DMA1_Channel4_IRQHandler
                0x08000490                USART3_IRQHandler
                0x08000490                RTC_IRQHandler
                0x08000490                DMA1_Channel7_IRQHandler
                0x08000490                CAN1_RX1_IRQHandler
                0x08000490                UART5_IRQHandler
                0x08000490                ADC3_IRQHandler
                0x08000490                TIM4_IRQHandler
                0x08000490                DMA2_Channel1_IRQHandler
                0x08000490                I2C1_EV_IRQHandler
                0x08000490                DMA1_Channel6_IRQHandler
                0x08000490                UART4_IRQHandler
                0x08000490                TIM3_IRQHandler
                0x08000490                RCC_IRQHandler
                0x08000490                TIM1_TRG_COM_IRQHandler
                0x08000490                DMA1_Channel1_IRQHandler
                0x08000490                Default_Handler
                0x08000490                EXTI15_10_IRQHandler
                0x08000490                TIM7_IRQHandler
                0x08000490                TIM5_IRQHandler
                0x08000490                EXTI9_5_IRQHandler
                0x08000490                SPI2_IRQHandler
                0x08000490                DMA1_Channel5_IRQHandler
                0x08000490                EXTI4_IRQHandler
                0x08000490                USB_HP_CAN1_TX_IRQHandler
                0x08000490                DMA1_Channel3_IRQHandler
                0x08000490                FSMC_IRQHandler
                0x08000490                TIM1_UP_IRQHandler
                0x08000490                WWDG_IRQHandler
                0x08000490                TIM2_IRQHandler
                0x08000490                TIM1_BRK_IRQHandler
                0x08000490                EXTI1_IRQHandler
                0x08000490                RTCAlarm_IRQHandler
                0x08000490                DMA2_Channel4_5_IRQHandler
                0x08000490                USART2_IRQHandler
                0x08000490                I2C2_ER_IRQHandler
                0x08000490                DMA1_Channel2_IRQHandler
                0x08000490                TIM8_BRK_IRQHandler
                0x08000490                CAN1_SCE_IRQHandler
                0x08000490                FLASH_IRQHandler
                0x08000490                USART1_IRQHandler
                0x08000490                SPI3_IRQHandler
                0x08000490                I2C1_ER_IRQHandler
                0x08000490                USBWakeUp_IRQHandler
                0x08000490                DMA2_Channel3_IRQHandler
 .text.main     0x08000494       0xc4 src\main.o
                0x08000494                main
 .text.CAN_Config
                0x08000558      0x124 src\main.o
                0x08000558                CAN_Config
 .text.NVIC_Config
                0x0800067c       0x2c src\main.o
                0x0800067c                NVIC_Config
 .text.LED_Display
                0x080006a8       0x68 src\main.o
                0x080006a8                LED_Display
 .text.GPIO_Configuration
                0x08000710       0x3c src\main.o
                0x08000710                GPIO_Configuration
 .text.RCC_Configuration
                0x0800074c       0x18 src\main.o
                0x0800074c                RCC_Configuration
 .text.Debug    0x08000764       0x54 src\main.o
                0x08000764                Debug
 .text.Delay    0x080007b8       0x2c src\main.o
                0x080007b8                Delay
 .text.STM_EVAL_LEDInit
                0x080007e4       0x54 Utilities\STM32_EVAL\STM3210E_EVAL\stm3210e_eval.o
                0x080007e4                STM_EVAL_LEDInit
 .text.STM_EVAL_LEDOn
                0x08000838       0x30 Utilities\STM32_EVAL\STM3210E_EVAL\stm3210e_eval.o
                0x08000838                STM_EVAL_LEDOn
 .text.STM_EVAL_LEDOff
                0x08000868       0x30 Utilities\STM32_EVAL\STM3210E_EVAL\stm3210e_eval.o
                0x08000868                STM_EVAL_LEDOff
 .text.USART_Init
                0x08000898      0x174 Libraries\STM32F10x_StdPeriph_Driver\src\stm32f10x_usart.o
                0x08000898                USART_Init
 .text.USART_Cmd
                0x08000a0c       0x40 Libraries\STM32F10x_StdPeriph_Driver\src\stm32f10x_usart.o
                0x08000a0c                USART_Cmd
 .text.USART_SendData
                0x08000a4c       0x24 Libraries\STM32F10x_StdPeriph_Driver\src\stm32f10x_usart.o
                0x08000a4c                USART_SendData
 .text.RCC_GetClocksFreq
                0x08000a70      0x164 Libraries\STM32F10x_StdPeriph_Driver\src\stm32f10x_rcc.o
                0x08000a70                RCC_GetClocksFreq
 .text.RCC_APB2PeriphClockCmd
                0x08000bd4       0x3c Libraries\STM32F10x_StdPeriph_Driver\src\stm32f10x_rcc.o
                0x08000bd4                RCC_APB2PeriphClockCmd
 .text.RCC_APB1PeriphClockCmd
                0x08000c10       0x3c Libraries\STM32F10x_StdPeriph_Driver\src\stm32f10x_rcc.o
                0x08000c10                RCC_APB1PeriphClockCmd
 .text.RCC_APB1PeriphResetCmd
                0x08000c4c       0x3c Libraries\STM32F10x_StdPeriph_Driver\src\stm32f10x_rcc.o
                0x08000c4c                RCC_APB1PeriphResetCmd
 .text.GPIO_Init
                0x08000c88      0x178 Libraries\STM32F10x_StdPeriph_Driver\src\stm32f10x_gpio.o
                0x08000c88                GPIO_Init
 .text.GPIO_PinRemapConfig
                0x08000e00       0xe0 Libraries\STM32F10x_StdPeriph_Driver\src\stm32f10x_gpio.o
                0x08000e00                GPIO_PinRemapConfig
 .text.CAN_DeInit
                0x08000ee0       0x44 Libraries\STM32F10x_StdPeriph_Driver\src\stm32f10x_can.o
                0x08000ee0                CAN_DeInit
 .text.CAN_Init
                0x08000f24      0x1a4 Libraries\STM32F10x_StdPeriph_Driver\src\stm32f10x_can.o
                0x08000f24                CAN_Init
 .text.CAN_FilterInit
                0x080010c8      0x164 Libraries\STM32F10x_StdPeriph_Driver\src\stm32f10x_can.o
                0x080010c8                CAN_FilterInit
 .text.CAN_StructInit
                0x0800122c       0x54 Libraries\STM32F10x_StdPeriph_Driver\src\stm32f10x_can.o
                0x0800122c                CAN_StructInit
 .text.CAN_Transmit
                0x08001280      0x190 Libraries\STM32F10x_StdPeriph_Driver\src\stm32f10x_can.o
                0x08001280                CAN_Transmit
 .text.CAN_Receive
                0x08001410      0x170 Libraries\STM32F10x_StdPeriph_Driver\src\stm32f10x_can.o
                0x08001410                CAN_Receive
 .text.CAN_ITConfig
                0x08001580       0x3c Libraries\STM32F10x_StdPeriph_Driver\src\stm32f10x_can.o
                0x08001580                CAN_ITConfig
 .text.NVIC_PriorityGroupConfig
                0x080015bc       0x24 Libraries\STM32F10x_StdPeriph_Driver\src\misc.o
                0x080015bc                NVIC_PriorityGroupConfig
 .text.NVIC_Init
                0x080015e0       0xc0 Libraries\STM32F10x_StdPeriph_Driver\src\misc.o
                0x080015e0                NVIC_Init
 .text.__libc_init_array
                0x080016a0       0x4c c:/program files (x86)/atollic/truestudio for arm 5.4.0/armtools/bin/../lib/gcc/arm-atollic-eabi/4.8.3/../../../../arm-atollic-eabi/lib/armv7-m\libc.a(lib_a-init.o)
                0x080016a0                __libc_init_array
 *(.glue_7)
 .glue_7        0x00000000        0x0 linker stubs
 *(.glue_7t)
 .glue_7t       0x00000000        0x0 linker stubs
 *(.eh_frame)
 .eh_frame      0x080016ec        0x0 c:/program files (x86)/atollic/truestudio for arm 5.4.0/armtools/bin/../lib/gcc/arm-atollic-eabi/4.8.3/armv7-m/crtbegin.o
 *(.init)
 .init          0x080016ec        0x4 c:/program files (x86)/atollic/truestudio for arm 5.4.0/armtools/bin/../lib/gcc/arm-atollic-eabi/4.8.3/armv7-m/crti.o
                0x080016ec                _init
 .init          0x080016f0        0x8 c:/program files (x86)/atollic/truestudio for arm 5.4.0/armtools/bin/../lib/gcc/arm-atollic-eabi/4.8.3/armv7-m/crtn.o
 *(.fini)
 .fini          0x080016f8        0x4 c:/program files (x86)/atollic/truestudio for arm 5.4.0/armtools/bin/../lib/gcc/arm-atollic-eabi/4.8.3/armv7-m/crti.o
                0x080016f8                _fini
 .fini          0x080016fc        0x8 c:/program files (x86)/atollic/truestudio for arm 5.4.0/armtools/bin/../lib/gcc/arm-atollic-eabi/4.8.3/armv7-m/crtn.o
                0x08001704                . = ALIGN (0x4)
                0x08001704                _etext = .

.vfp11_veneer   0x08001704        0x0
 .vfp11_veneer  0x00000000        0x0 linker stubs

.v4_bx          0x08001704        0x0
 .v4_bx         0x00000000        0x0 linker stubs

.iplt           0x08001704        0x0
 .iplt          0x00000000        0x0 c:/program files (x86)/atollic/truestudio for arm 5.4.0/armtools/bin/../lib/gcc/arm-atollic-eabi/4.8.3/armv7-m/crtbegin.o

.rodata         0x08001704       0x50
                0x08001704                . = ALIGN (0x4)
 *(.rodata)
 .rodata        0x08001704       0x38 src\main.o
 *(.rodata*)
 .rodata.GPIO_PIN
                0x0800173c        0x8 Utilities\STM32_EVAL\STM3210E_EVAL\stm3210e_eval.o
                0x0800173c                GPIO_PIN
 .rodata.GPIO_CLK
                0x08001744       0x10 Utilities\STM32_EVAL\STM3210E_EVAL\stm3210e_eval.o
                0x08001744                GPIO_CLK
                0x08001754                . = ALIGN (0x4)

.rel.dyn        0x08001754        0x0
 .rel.iplt      0x00000000        0x0 c:/program files (x86)/atollic/truestudio for arm 5.4.0/armtools/bin/../lib/gcc/arm-atollic-eabi/4.8.3/armv7-m/crtbegin.o

.ARM.extab
 *(.ARM.extab* .gnu.linkonce.armextab.*)

.ARM            0x08001754        0x0
                0x08001754                __exidx_start = .
 *(.ARM.exidx*)
                0x08001754                __exidx_end = .

.preinit_array  0x08001754        0x0
                0x08001754                PROVIDE (__preinit_array_start, .)
 *(.preinit_array*)
                0x08001754                PROVIDE (__preinit_array_end, .)

.init_array     0x08001754        0x4
                0x08001754                PROVIDE (__init_array_start, .)
 *(SORT(.init_array.*))
 *(.init_array*)
 .init_array    0x08001754        0x4 c:/program files (x86)/atollic/truestudio for arm 5.4.0/armtools/bin/../lib/gcc/arm-atollic-eabi/4.8.3/armv7-m/crtbegin.o
                0x08001758                PROVIDE (__init_array_end, .)

.fini_array     0x08001758        0x4
                0x08001758                PROVIDE (__fini_array_start, .)
 *(SORT(.fini_array.*))
 *(.fini_array*)
 .fini_array    0x08001758        0x4 c:/program files (x86)/atollic/truestudio for arm 5.4.0/armtools/bin/../lib/gcc/arm-atollic-eabi/4.8.3/armv7-m/crtbegin.o
                0x0800175c                PROVIDE (__fini_array_end, .)
                0x0800175c                _sidata = LOADADDR (.data)

.data           0x20000000       0x24 load address 0x0800175c
                0x20000000                . = ALIGN (0x4)
                0x20000000                _sdata = .
 *(.data)
 *(.data*)
 .data.GPIO_PORT
                0x20000000       0x10 Utilities\STM32_EVAL\STM3210E_EVAL\stm3210e_eval.o
                0x20000000                GPIO_PORT
 .data.APBAHBPrescTable
                0x20000010       0x10 Libraries\STM32F10x_StdPeriph_Driver\src\stm32f10x_rcc.o
 .data.ADCPrescTable
                0x20000020        0x4 Libraries\STM32F10x_StdPeriph_Driver\src\stm32f10x_rcc.o
                0x20000024                . = ALIGN (0x4)
                0x20000024                _edata = .

.igot.plt       0x20000024        0x0 load address 0x08001780
 .igot.plt      0x00000000        0x0 c:/program files (x86)/atollic/truestudio for arm 5.4.0/armtools/bin/../lib/gcc/arm-atollic-eabi/4.8.3/armv7-m/crtbegin.o
                0x20000024                . = ALIGN (0x4)

.bss            0x20000024       0x74 load address 0x08001780
                0x20000024                _sbss = .
                0x20000024                __bss_start__ = _sbss
 *(.bss)
 .bss           0x20000024       0x1c c:/program files (x86)/atollic/truestudio for arm 5.4.0/armtools/bin/../lib/gcc/arm-atollic-eabi/4.8.3/armv7-m/crtbegin.o
 *(.bss*)
 .bss.KeyNumber
                0x20000040        0x1 src\main.o
                0x20000040                KeyNumber
 *(COMMON)
 *fill*         0x20000041        0x3 
 COMMON         0x20000044       0x14 src\stm32f10x_it.o
                0x20000044                RxMessage
 COMMON         0x20000058       0x40 src\main.o
                0x20000058                CAN_InitStructure
                0x20000064                CAN_FilterInitStructure
                0x20000074                USART_InitStructure
                0x20000084                TxMessage
                0x20000098                . = ALIGN (0x4)
                0x20000098                _ebss = .
                0x20000098                __bss_end__ = _ebss

._user_heap_stack
                0x20000098      0x100 load address 0x08001780
                0x20000098                . = ALIGN (0x4)
                0x20000098                PROVIDE (end, .)
                0x20000098                PROVIDE (_end, .)
                0x20000098                . = (. + _Min_Heap_Size)
                0x20000198                . = (. + _Min_Stack_Size)
 *fill*         0x20000098      0x100 
                0x20000198                . = ALIGN (0x4)

.memory_b1_text
 *(.mb1text)
 *(.mb1text*)
 *(.mb1rodata)
 *(.mb1rodata*)

/DISCARD/
 libc.a(*)
 libm.a(*)
 libgcc.a(*)

.ARM.attributes
                0x00000000       0x29
 *(.ARM.attributes)
 .ARM.attributes
                0x00000000       0x1d c:/program files (x86)/atollic/truestudio for arm 5.4.0/armtools/bin/../lib/gcc/arm-atollic-eabi/4.8.3/armv7-m/crti.o
 .ARM.attributes
                0x0000001d       0x2d c:/program files (x86)/atollic/truestudio for arm 5.4.0/armtools/bin/../lib/gcc/arm-atollic-eabi/4.8.3/armv7-m/crtbegin.o
 .ARM.attributes
                0x0000004a       0x33 src\system_stm32f10x.o
 .ARM.attributes
                0x0000007d       0x33 src\stm32f10x_it.o
 .ARM.attributes
                0x000000b0       0x21 src\startup_stm32f10x_hd.o
 .ARM.attributes
                0x000000d1       0x33 src\main.o
 .ARM.attributes
                0x00000104       0x33 Utilities\STM32_EVAL\STM3210E_EVAL\stm3210e_eval.o
 .ARM.attributes
                0x00000137       0x33 Libraries\STM32F10x_StdPeriph_Driver\src\stm32f10x_usart.o
 .ARM.attributes
                0x0000016a       0x33 Libraries\STM32F10x_StdPeriph_Driver\src\stm32f10x_rcc.o
 .ARM.attributes
                0x0000019d       0x33 Libraries\STM32F10x_StdPeriph_Driver\src\stm32f10x_gpio.o
 .ARM.attributes
                0x000001d0       0x33 Libraries\STM32F10x_StdPeriph_Driver\src\stm32f10x_can.o
 .ARM.attributes
                0x00000203       0x33 Libraries\STM32F10x_StdPeriph_Driver\src\misc.o
 .ARM.attributes
                0x00000236       0x2d c:/program files (x86)/atollic/truestudio for arm 5.4.0/armtools/bin/../lib/gcc/arm-atollic-eabi/4.8.3/../../../../arm-atollic-eabi/lib/armv7-m\libc.a(lib_a-init.o)
 .ARM.attributes
                0x00000263       0x1d c:/program files (x86)/atollic/truestudio for arm 5.4.0/armtools/bin/../lib/gcc/arm-atollic-eabi/4.8.3/armv7-m/crtn.o
OUTPUT(STM3210E-EVAL_CAN_Networking.elf elf32-littlearm)

.debug_info     0x00000000     0x4dbf
 .debug_info    0x00000000      0x47d src\system_stm32f10x.o
 .debug_info    0x0000047d      0x46f src\stm32f10x_it.o
 .debug_info    0x000008ec       0x87 src\startup_stm32f10x_hd.o
 .debug_info    0x00000973      0xba4 src\main.o
 .debug_info    0x00001517      0xe5f Utilities\STM32_EVAL\STM3210E_EVAL\stm3210e_eval.o
 .debug_info    0x00002376      0x9ec Libraries\STM32F10x_StdPeriph_Driver\src\stm32f10x_usart.o
 .debug_info    0x00002d62      0x891 Libraries\STM32F10x_StdPeriph_Driver\src\stm32f10x_rcc.o
 .debug_info    0x000035f3      0x6eb Libraries\STM32F10x_StdPeriph_Driver\src\stm32f10x_gpio.o
 .debug_info    0x00003cde      0xba0 Libraries\STM32F10x_StdPeriph_Driver\src\stm32f10x_can.o
 .debug_info    0x0000487e      0x541 Libraries\STM32F10x_StdPeriph_Driver\src\misc.o

.debug_abbrev   0x00000000      0xeb5
 .debug_abbrev  0x00000000      0x14e src\system_stm32f10x.o
 .debug_abbrev  0x0000014e      0x141 src\stm32f10x_it.o
 .debug_abbrev  0x0000028f       0x12 src\startup_stm32f10x_hd.o
 .debug_abbrev  0x000002a1      0x217 src\main.o
 .debug_abbrev  0x000004b8      0x1d7 Utilities\STM32_EVAL\STM3210E_EVAL\stm3210e_eval.o
 .debug_abbrev  0x0000068f      0x164 Libraries\STM32F10x_StdPeriph_Driver\src\stm32f10x_usart.o
 .debug_abbrev  0x000007f3      0x1bc Libraries\STM32F10x_StdPeriph_Driver\src\stm32f10x_rcc.o
 .debug_abbrev  0x000009af      0x1ca Libraries\STM32F10x_StdPeriph_Driver\src\stm32f10x_gpio.o
 .debug_abbrev  0x00000b79      0x1f5 Libraries\STM32F10x_StdPeriph_Driver\src\stm32f10x_can.o
 .debug_abbrev  0x00000d6e      0x147 Libraries\STM32F10x_StdPeriph_Driver\src\misc.o

.debug_aranges  0x00000000      0x5a0
 .debug_aranges
                0x00000000       0x38 src\system_stm32f10x.o
 .debug_aranges
                0x00000038       0x68 src\stm32f10x_it.o
 .debug_aranges
                0x000000a0       0x28 src\startup_stm32f10x_hd.o
 .debug_aranges
                0x000000c8       0x60 src\main.o
 .debug_aranges
                0x00000128       0x98 Utilities\STM32_EVAL\STM3210E_EVAL\stm3210e_eval.o
 .debug_aranges
                0x000001c0      0x100 Libraries\STM32F10x_StdPeriph_Driver\src\stm32f10x_usart.o
 .debug_aranges
                0x000002c0      0x118 Libraries\STM32F10x_StdPeriph_Driver\src\stm32f10x_rcc.o
 .debug_aranges
                0x000003d8       0xa8 Libraries\STM32F10x_StdPeriph_Driver\src\stm32f10x_gpio.o
 .debug_aranges
                0x00000480       0xe0 Libraries\STM32F10x_StdPeriph_Driver\src\stm32f10x_can.o
 .debug_aranges
                0x00000560       0x40 Libraries\STM32F10x_StdPeriph_Driver\src\misc.o

.debug_ranges   0x00000000      0x508
 .debug_ranges  0x00000000       0x28 src\system_stm32f10x.o
 .debug_ranges  0x00000028       0x58 src\stm32f10x_it.o
 .debug_ranges  0x00000080       0x20 src\startup_stm32f10x_hd.o
 .debug_ranges  0x000000a0       0x50 src\main.o
 .debug_ranges  0x000000f0       0x88 Utilities\STM32_EVAL\STM3210E_EVAL\stm3210e_eval.o
 .debug_ranges  0x00000178       0xf0 Libraries\STM32F10x_StdPeriph_Driver\src\stm32f10x_usart.o
 .debug_ranges  0x00000268      0x108 Libraries\STM32F10x_StdPeriph_Driver\src\stm32f10x_rcc.o
 .debug_ranges  0x00000370       0x98 Libraries\STM32F10x_StdPeriph_Driver\src\stm32f10x_gpio.o
 .debug_ranges  0x00000408       0xd0 Libraries\STM32F10x_StdPeriph_Driver\src\stm32f10x_can.o
 .debug_ranges  0x000004d8       0x30 Libraries\STM32F10x_StdPeriph_Driver\src\misc.o

.debug_line     0x00000000     0x20aa
 .debug_line    0x00000000      0x21c src\system_stm32f10x.o
 .debug_line    0x0000021c      0x27c src\stm32f10x_it.o
 .debug_line    0x00000498       0x7a src\startup_stm32f10x_hd.o
 .debug_line    0x00000512      0x353 src\main.o
 .debug_line    0x00000865      0x3cf Utilities\STM32_EVAL\STM3210E_EVAL\stm3210e_eval.o
 .debug_line    0x00000c34      0x48d Libraries\STM32F10x_StdPeriph_Driver\src\stm32f10x_usart.o
 .debug_line    0x000010c1      0x4b0 Libraries\STM32F10x_StdPeriph_Driver\src\stm32f10x_rcc.o
 .debug_line    0x00001571      0x3a2 Libraries\STM32F10x_StdPeriph_Driver\src\stm32f10x_gpio.o
 .debug_line    0x00001913      0x55f Libraries\STM32F10x_StdPeriph_Driver\src\stm32f10x_can.o
 .debug_line    0x00001e72      0x238 Libraries\STM32F10x_StdPeriph_Driver\src\misc.o

.debug_str      0x00000000     0x2088
 .debug_str     0x00000000      0x2ba src\system_stm32f10x.o
                                0x32e (size before relaxing)
 .debug_str     0x000002ba      0x1d1 src\stm32f10x_it.o
                                0x393 (size before relaxing)
 .debug_str     0x0000048b      0x83a src\main.o
                                0xb30 (size before relaxing)
 .debug_str     0x00000cc5      0x584 Utilities\STM32_EVAL\STM3210E_EVAL\stm3210e_eval.o
                                0xdb2 (size before relaxing)
 .debug_str     0x00001249      0x406 Libraries\STM32F10x_StdPeriph_Driver\src\stm32f10x_usart.o
                                0x6f3 (size before relaxing)
 .debug_str     0x0000164f      0x380 Libraries\STM32F10x_StdPeriph_Driver\src\stm32f10x_rcc.o
                                0x67d (size before relaxing)
 .debug_str     0x000019cf      0x25a Libraries\STM32F10x_StdPeriph_Driver\src\stm32f10x_gpio.o
                                0x57c (size before relaxing)
 .debug_str     0x00001c29      0x30b Libraries\STM32F10x_StdPeriph_Driver\src\stm32f10x_can.o
                                0x791 (size before relaxing)
 .debug_str     0x00001f34      0x154 Libraries\STM32F10x_StdPeriph_Driver\src\misc.o
                                0x421 (size before relaxing)

.comment        0x00000000       0x82
 .comment       0x00000000       0x82 src\system_stm32f10x.o
                                 0x83 (size before relaxing)
 .comment       0x00000000       0x83 src\stm32f10x_it.o
 .comment       0x00000000       0x83 src\main.o
 .comment       0x00000000       0x83 Utilities\STM32_EVAL\STM3210E_EVAL\stm3210e_eval.o
 .comment       0x00000000       0x83 Libraries\STM32F10x_StdPeriph_Driver\src\stm32f10x_usart.o
 .comment       0x00000000       0x83 Libraries\STM32F10x_StdPeriph_Driver\src\stm32f10x_rcc.o
 .comment       0x00000000       0x83 Libraries\STM32F10x_StdPeriph_Driver\src\stm32f10x_gpio.o
 .comment       0x00000000       0x83 Libraries\STM32F10x_StdPeriph_Driver\src\stm32f10x_can.o
 .comment       0x00000000       0x83 Libraries\STM32F10x_StdPeriph_Driver\src\misc.o

.debug_frame    0x00000000     0x1120
 .debug_frame   0x00000000       0x80 src\system_stm32f10x.o
 .debug_frame   0x00000080      0x104 src\stm32f10x_it.o
 .debug_frame   0x00000184      0x124 src\main.o
 .debug_frame   0x000002a8      0x200 Utilities\STM32_EVAL\STM3210E_EVAL\stm3210e_eval.o
 .debug_frame   0x000004a8      0x344 Libraries\STM32F10x_StdPeriph_Driver\src\stm32f10x_usart.o
 .debug_frame   0x000007ec      0x388 Libraries\STM32F10x_StdPeriph_Driver\src\stm32f10x_rcc.o
 .debug_frame   0x00000b74      0x210 Libraries\STM32F10x_StdPeriph_Driver\src\stm32f10x_gpio.o
 .debug_frame   0x00000d84      0x2d4 Libraries\STM32F10x_StdPeriph_Driver\src\stm32f10x_can.o
 .debug_frame   0x00001058       0x9c Libraries\STM32F10x_StdPeriph_Driver\src\misc.o
 .debug_frame   0x000010f4       0x2c c:/program files (x86)/atollic/truestudio for arm 5.4.0/armtools/bin/../lib/gcc/arm-atollic-eabi/4.8.3/../../../../arm-atollic-eabi/lib/armv7-m\libc.a(lib_a-init.o)

Cross Reference Table

Symbol                                            File
ADC1_2_IRQHandler                                 src\startup_stm32f10x_hd.o
ADC3_IRQHandler                                   src\startup_stm32f10x_hd.o
ADC_AnalogWatchdogCmd                             Libraries\STM32F10x_StdPeriph_Driver\src\stm32f10x_adc.o
ADC_AnalogWatchdogSingleChannelConfig             Libraries\STM32F10x_StdPeriph_Driver\src\stm32f10x_adc.o
ADC_AnalogWatchdogThresholdsConfig                Libraries\STM32F10x_StdPeriph_Driver\src\stm32f10x_adc.o
ADC_AutoInjectedConvCmd                           Libraries\STM32F10x_StdPeriph_Driver\src\stm32f10x_adc.o
ADC_ClearFlag                                     Libraries\STM32F10x_StdPeriph_Driver\src\stm32f10x_adc.o
ADC_ClearITPendingBit                             Libraries\STM32F10x_StdPeriph_Driver\src\stm32f10x_adc.o
ADC_Cmd                                           Libraries\STM32F10x_StdPeriph_Driver\src\stm32f10x_adc.o
ADC_DMACmd                                        Libraries\STM32F10x_StdPeriph_Driver\src\stm32f10x_adc.o
ADC_DeInit                                        Libraries\STM32F10x_StdPeriph_Driver\src\stm32f10x_adc.o
ADC_DiscModeChannelCountConfig                    Libraries\STM32F10x_StdPeriph_Driver\src\stm32f10x_adc.o
ADC_DiscModeCmd                                   Libraries\STM32F10x_StdPeriph_Driver\src\stm32f10x_adc.o
ADC_ExternalTrigConvCmd                           Libraries\STM32F10x_StdPeriph_Driver\src\stm32f10x_adc.o
ADC_ExternalTrigInjectedConvCmd                   Libraries\STM32F10x_StdPeriph_Driver\src\stm32f10x_adc.o
ADC_ExternalTrigInjectedConvConfig                Libraries\STM32F10x_StdPeriph_Driver\src\stm32f10x_adc.o
ADC_GetCalibrationStatus                          Libraries\STM32F10x_StdPeriph_Driver\src\stm32f10x_adc.o
ADC_GetConversionValue                            Libraries\STM32F10x_StdPeriph_Driver\src\stm32f10x_adc.o
ADC_GetDualModeConversionValue                    Libraries\STM32F10x_StdPeriph_Driver\src\stm32f10x_adc.o
ADC_GetFlagStatus                                 Libraries\STM32F10x_StdPeriph_Driver\src\stm32f10x_adc.o
ADC_GetITStatus                                   Libraries\STM32F10x_StdPeriph_Driver\src\stm32f10x_adc.o
ADC_GetInjectedConversionValue                    Libraries\STM32F10x_StdPeriph_Driver\src\stm32f10x_adc.o
ADC_GetResetCalibrationStatus                     Libraries\STM32F10x_StdPeriph_Driver\src\stm32f10x_adc.o
ADC_GetSoftwareStartConvStatus                    Libraries\STM32F10x_StdPeriph_Driver\src\stm32f10x_adc.o
ADC_GetSoftwareStartInjectedConvCmdStatus         Libraries\STM32F10x_StdPeriph_Driver\src\stm32f10x_adc.o
ADC_ITConfig                                      Libraries\STM32F10x_StdPeriph_Driver\src\stm32f10x_adc.o
ADC_Init                                          Libraries\STM32F10x_StdPeriph_Driver\src\stm32f10x_adc.o
ADC_InjectedChannelConfig                         Libraries\STM32F10x_StdPeriph_Driver\src\stm32f10x_adc.o
ADC_InjectedDiscModeCmd                           Libraries\STM32F10x_StdPeriph_Driver\src\stm32f10x_adc.o
ADC_InjectedSequencerLengthConfig                 Libraries\STM32F10x_StdPeriph_Driver\src\stm32f10x_adc.o
ADC_RegularChannelConfig                          Libraries\STM32F10x_StdPeriph_Driver\src\stm32f10x_adc.o
ADC_ResetCalibration                              Libraries\STM32F10x_StdPeriph_Driver\src\stm32f10x_adc.o
ADC_SetInjectedOffset                             Libraries\STM32F10x_StdPeriph_Driver\src\stm32f10x_adc.o
ADC_SoftwareStartConvCmd                          Libraries\STM32F10x_StdPeriph_Driver\src\stm32f10x_adc.o
ADC_SoftwareStartInjectedConvCmd                  Libraries\STM32F10x_StdPeriph_Driver\src\stm32f10x_adc.o
ADC_StartCalibration                              Libraries\STM32F10x_StdPeriph_Driver\src\stm32f10x_adc.o
ADC_StructInit                                    Libraries\STM32F10x_StdPeriph_Driver\src\stm32f10x_adc.o
ADC_TempSensorVrefintCmd                          Libraries\STM32F10x_StdPeriph_Driver\src\stm32f10x_adc.o
AHBPrescTable                                     src\system_stm32f10x.o
ASCII12x12_Table                                  Utilities\STM32_EVAL\Common\fonts.o
ASCII16x24_Table                                  Utilities\STM32_EVAL\Common\fonts.o
ASCII8x12_Table                                   Utilities\STM32_EVAL\Common\fonts.o
ASCII8x8_Table                                    Utilities\STM32_EVAL\Common\fonts.o
BKP_ClearFlag                                     Libraries\STM32F10x_StdPeriph_Driver\src\stm32f10x_bkp.o
BKP_ClearITPendingBit                             Libraries\STM32F10x_StdPeriph_Driver\src\stm32f10x_bkp.o
BKP_DeInit                                        Libraries\STM32F10x_StdPeriph_Driver\src\stm32f10x_bkp.o
BKP_GetFlagStatus                                 Libraries\STM32F10x_StdPeriph_Driver\src\stm32f10x_bkp.o
BKP_GetITStatus                                   Libraries\STM32F10x_StdPeriph_Driver\src\stm32f10x_bkp.o
BKP_ITConfig                                      Libraries\STM32F10x_StdPeriph_Driver\src\stm32f10x_bkp.o
BKP_RTCOutputConfig                               Libraries\STM32F10x_StdPeriph_Driver\src\stm32f10x_bkp.o
BKP_ReadBackupRegister                            Libraries\STM32F10x_StdPeriph_Driver\src\stm32f10x_bkp.o
BKP_SetRTCCalibrationValue                        Libraries\STM32F10x_StdPeriph_Driver\src\stm32f10x_bkp.o
BKP_TamperPinCmd                                  Libraries\STM32F10x_StdPeriph_Driver\src\stm32f10x_bkp.o
BKP_TamperPinLevelConfig                          Libraries\STM32F10x_StdPeriph_Driver\src\stm32f10x_bkp.o
BKP_WriteBackupRegister                           Libraries\STM32F10x_StdPeriph_Driver\src\stm32f10x_bkp.o
BUTTON_CLK                                        Utilities\STM32_EVAL\STM3210E_EVAL\stm3210e_eval.o
BUTTON_EXTI_LINE                                  Utilities\STM32_EVAL\STM3210E_EVAL\stm3210e_eval.o
BUTTON_IRQn                                       Utilities\STM32_EVAL\STM3210E_EVAL\stm3210e_eval.o
BUTTON_PIN                                        Utilities\STM32_EVAL\STM3210E_EVAL\stm3210e_eval.o
BUTTON_PIN_SOURCE                                 Utilities\STM32_EVAL\STM3210E_EVAL\stm3210e_eval.o
BUTTON_PORT                                       Utilities\STM32_EVAL\STM3210E_EVAL\stm3210e_eval.o
BUTTON_PORT_SOURCE                                Utilities\STM32_EVAL\STM3210E_EVAL\stm3210e_eval.o
BackColor                                         Utilities\STM32_EVAL\STM3210E_EVAL\stm3210e_eval_lcd.o
BusFault_Handler                                  src\stm32f10x_it.o
CAN1_RX1_IRQHandler                               src\startup_stm32f10x_hd.o
CAN1_SCE_IRQHandler                               src\startup_stm32f10x_hd.o
CAN_CancelTransmit                                Libraries\STM32F10x_StdPeriph_Driver\src\stm32f10x_can.o
CAN_ClearFlag                                     Libraries\STM32F10x_StdPeriph_Driver\src\stm32f10x_can.o
CAN_ClearITPendingBit                             Libraries\STM32F10x_StdPeriph_Driver\src\stm32f10x_can.o
CAN_Config                                        src\main.o
CAN_DBGFreeze                                     Libraries\STM32F10x_StdPeriph_Driver\src\stm32f10x_can.o
CAN_DeInit                                        Libraries\STM32F10x_StdPeriph_Driver\src\stm32f10x_can.o
                                                  src\main.o
CAN_FIFORelease                                   Libraries\STM32F10x_StdPeriph_Driver\src\stm32f10x_can.o
CAN_FilterInit                                    Libraries\STM32F10x_StdPeriph_Driver\src\stm32f10x_can.o
                                                  src\main.o
CAN_FilterInitStructure                           src\main.o
CAN_GetFlagStatus                                 Libraries\STM32F10x_StdPeriph_Driver\src\stm32f10x_can.o
CAN_GetITStatus                                   Libraries\STM32F10x_StdPeriph_Driver\src\stm32f10x_can.o
CAN_GetLSBTransmitErrorCounter                    Libraries\STM32F10x_StdPeriph_Driver\src\stm32f10x_can.o
CAN_GetLastErrorCode                              Libraries\STM32F10x_StdPeriph_Driver\src\stm32f10x_can.o
CAN_GetReceiveErrorCounter                        Libraries\STM32F10x_StdPeriph_Driver\src\stm32f10x_can.o
CAN_ITConfig                                      Libraries\STM32F10x_StdPeriph_Driver\src\stm32f10x_can.o
                                                  src\main.o
CAN_Init                                          Libraries\STM32F10x_StdPeriph_Driver\src\stm32f10x_can.o
                                                  src\main.o
CAN_InitStructure                                 src\main.o
CAN_MessagePending                                Libraries\STM32F10x_StdPeriph_Driver\src\stm32f10x_can.o
CAN_OperatingModeRequest                          Libraries\STM32F10x_StdPeriph_Driver\src\stm32f10x_can.o
CAN_Receive                                       Libraries\STM32F10x_StdPeriph_Driver\src\stm32f10x_can.o
                                                  src\stm32f10x_it.o
CAN_SlaveStartBank                                Libraries\STM32F10x_StdPeriph_Driver\src\stm32f10x_can.o
CAN_Sleep                                         Libraries\STM32F10x_StdPeriph_Driver\src\stm32f10x_can.o
CAN_StructInit                                    Libraries\STM32F10x_StdPeriph_Driver\src\stm32f10x_can.o
                                                  src\main.o
CAN_TTComModeCmd                                  Libraries\STM32F10x_StdPeriph_Driver\src\stm32f10x_can.o
CAN_Transmit                                      Libraries\STM32F10x_StdPeriph_Driver\src\stm32f10x_can.o
                                                  src\main.o
CAN_TransmitStatus                                Libraries\STM32F10x_StdPeriph_Driver\src\stm32f10x_can.o
CAN_WakeUp                                        Libraries\STM32F10x_StdPeriph_Driver\src\stm32f10x_can.o
CEC_ClearFlag                                     Libraries\STM32F10x_StdPeriph_Driver\src\stm32f10x_cec.o
CEC_ClearITPendingBit                             Libraries\STM32F10x_StdPeriph_Driver\src\stm32f10x_cec.o
CEC_Cmd                                           Libraries\STM32F10x_StdPeriph_Driver\src\stm32f10x_cec.o
CEC_DeInit                                        Libraries\STM32F10x_StdPeriph_Driver\src\stm32f10x_cec.o
CEC_EndOfMessageCmd                               Libraries\STM32F10x_StdPeriph_Driver\src\stm32f10x_cec.o
CEC_GetFlagStatus                                 Libraries\STM32F10x_StdPeriph_Driver\src\stm32f10x_cec.o
CEC_GetITStatus                                   Libraries\STM32F10x_StdPeriph_Driver\src\stm32f10x_cec.o
CEC_ITConfig                                      Libraries\STM32F10x_StdPeriph_Driver\src\stm32f10x_cec.o
CEC_Init                                          Libraries\STM32F10x_StdPeriph_Driver\src\stm32f10x_cec.o
CEC_OwnAddressConfig                              Libraries\STM32F10x_StdPeriph_Driver\src\stm32f10x_cec.o
CEC_ReceiveDataByte                               Libraries\STM32F10x_StdPeriph_Driver\src\stm32f10x_cec.o
CEC_SendDataByte                                  Libraries\STM32F10x_StdPeriph_Driver\src\stm32f10x_cec.o
CEC_SetPrescaler                                  Libraries\STM32F10x_StdPeriph_Driver\src\stm32f10x_cec.o
CEC_StartOfMessage                                Libraries\STM32F10x_StdPeriph_Driver\src\stm32f10x_cec.o
COM_RX_PIN                                        Utilities\STM32_EVAL\STM3210E_EVAL\stm3210e_eval.o
COM_RX_PORT                                       Utilities\STM32_EVAL\STM3210E_EVAL\stm3210e_eval.o
COM_RX_PORT_CLK                                   Utilities\STM32_EVAL\STM3210E_EVAL\stm3210e_eval.o
COM_TX_PIN                                        Utilities\STM32_EVAL\STM3210E_EVAL\stm3210e_eval.o
COM_TX_PORT                                       Utilities\STM32_EVAL\STM3210E_EVAL\stm3210e_eval.o
COM_TX_PORT_CLK                                   Utilities\STM32_EVAL\STM3210E_EVAL\stm3210e_eval.o
COM_USART                                         Utilities\STM32_EVAL\STM3210E_EVAL\stm3210e_eval.o
COM_USART_CLK                                     Utilities\STM32_EVAL\STM3210E_EVAL\stm3210e_eval.o
CRC_CalcBlockCRC                                  Libraries\STM32F10x_StdPeriph_Driver\src\stm32f10x_crc.o
CRC_CalcCRC                                       Libraries\STM32F10x_StdPeriph_Driver\src\stm32f10x_crc.o
CRC_GetCRC                                        Libraries\STM32F10x_StdPeriph_Driver\src\stm32f10x_crc.o
CRC_GetIDRegister                                 Libraries\STM32F10x_StdPeriph_Driver\src\stm32f10x_crc.o
CRC_ResetDR                                       Libraries\STM32F10x_StdPeriph_Driver\src\stm32f10x_crc.o
CRC_SetIDRegister                                 Libraries\STM32F10x_StdPeriph_Driver\src\stm32f10x_crc.o
DAC_Cmd                                           Libraries\STM32F10x_StdPeriph_Driver\src\stm32f10x_dac.o
DAC_DMACmd                                        Libraries\STM32F10x_StdPeriph_Driver\src\stm32f10x_dac.o
DAC_DeInit                                        Libraries\STM32F10x_StdPeriph_Driver\src\stm32f10x_dac.o
DAC_DualSoftwareTriggerCmd                        Libraries\STM32F10x_StdPeriph_Driver\src\stm32f10x_dac.o
DAC_GetDataOutputValue                            Libraries\STM32F10x_StdPeriph_Driver\src\stm32f10x_dac.o
DAC_Init                                          Libraries\STM32F10x_StdPeriph_Driver\src\stm32f10x_dac.o
DAC_SetChannel1Data                               Libraries\STM32F10x_StdPeriph_Driver\src\stm32f10x_dac.o
DAC_SetChannel2Data                               Libraries\STM32F10x_StdPeriph_Driver\src\stm32f10x_dac.o
DAC_SetDualChannelData                            Libraries\STM32F10x_StdPeriph_Driver\src\stm32f10x_dac.o
DAC_SoftwareTriggerCmd                            Libraries\STM32F10x_StdPeriph_Driver\src\stm32f10x_dac.o
DAC_StructInit                                    Libraries\STM32F10x_StdPeriph_Driver\src\stm32f10x_dac.o
DAC_WaveGenerationCmd                             Libraries\STM32F10x_StdPeriph_Driver\src\stm32f10x_dac.o
DBGMCU_Config                                     Libraries\STM32F10x_StdPeriph_Driver\src\stm32f10x_dbgmcu.o
DBGMCU_GetDEVID                                   Libraries\STM32F10x_StdPeriph_Driver\src\stm32f10x_dbgmcu.o
DBGMCU_GetREVID                                   Libraries\STM32F10x_StdPeriph_Driver\src\stm32f10x_dbgmcu.o
DMA1_Channel1_IRQHandler                          src\startup_stm32f10x_hd.o
DMA1_Channel2_IRQHandler                          src\startup_stm32f10x_hd.o
DMA1_Channel3_IRQHandler                          src\startup_stm32f10x_hd.o
DMA1_Channel4_IRQHandler                          src\startup_stm32f10x_hd.o
DMA1_Channel5_IRQHandler                          src\startup_stm32f10x_hd.o
DMA1_Channel6_IRQHandler                          src\startup_stm32f10x_hd.o
DMA1_Channel7_IRQHandler                          src\startup_stm32f10x_hd.o
DMA2_Channel1_IRQHandler                          src\startup_stm32f10x_hd.o
DMA2_Channel2_IRQHandler                          src\startup_stm32f10x_hd.o
DMA2_Channel3_IRQHandler                          src\startup_stm32f10x_hd.o
DMA2_Channel4_5_IRQHandler                        src\startup_stm32f10x_hd.o
DMAEndOfTransfer                                  Utilities\STM32_EVAL\STM3210E_EVAL\stm3210e_eval_sdio_sd.o
DMA_ClearFlag                                     Libraries\STM32F10x_StdPeriph_Driver\src\stm32f10x_dma.o
                                                  Utilities\STM32_EVAL\STM3210E_EVAL\stm3210e_eval.o
                                                  Utilities\STM32_EVAL\STM3210E_EVAL\stm3210e_eval_i2c_tsensor.o
                                                  Utilities\STM32_EVAL\STM3210E_EVAL\stm3210e_eval_sdio_sd.o
DMA_ClearITPendingBit                             Libraries\STM32F10x_StdPeriph_Driver\src\stm32f10x_dma.o
DMA_Cmd                                           Libraries\STM32F10x_StdPeriph_Driver\src\stm32f10x_dma.o
                                                  Utilities\STM32_EVAL\STM3210E_EVAL\stm3210e_eval.o
                                                  Utilities\STM32_EVAL\STM3210E_EVAL\stm3210e_eval_i2c_tsensor.o
DMA_DeInit                                        Libraries\STM32F10x_StdPeriph_Driver\src\stm32f10x_dma.o
                                                  Utilities\STM32_EVAL\STM3210E_EVAL\stm3210e_eval_i2c_tsensor.o
DMA_GetCurrDataCounter                            Libraries\STM32F10x_StdPeriph_Driver\src\stm32f10x_dma.o
DMA_GetFlagStatus                                 Libraries\STM32F10x_StdPeriph_Driver\src\stm32f10x_dma.o
                                                  Utilities\STM32_EVAL\STM3210E_EVAL\stm3210e_eval.o
                                                  Utilities\STM32_EVAL\STM3210E_EVAL\stm3210e_eval_i2c_tsensor.o
DMA_GetITStatus                                   Libraries\STM32F10x_StdPeriph_Driver\src\stm32f10x_dma.o
DMA_ITConfig                                      Libraries\STM32F10x_StdPeriph_Driver\src\stm32f10x_dma.o
                                                  Utilities\STM32_EVAL\STM3210E_EVAL\stm3210e_eval.o
DMA_Init                                          Libraries\STM32F10x_StdPeriph_Driver\src\stm32f10x_dma.o
                                                  Utilities\STM32_EVAL\STM3210E_EVAL\stm3210e_eval.o
                                                  Utilities\STM32_EVAL\STM3210E_EVAL\stm3210e_eval_i2c_tsensor.o
DMA_SetCurrDataCounter                            Libraries\STM32F10x_StdPeriph_Driver\src\stm32f10x_dma.o
DMA_StructInit                                    Libraries\STM32F10x_StdPeriph_Driver\src\stm32f10x_dma.o
Debug                                             src\main.o
DebugMon_Handler                                  src\stm32f10x_it.o
Default_Handler                                   src\startup_stm32f10x_hd.o
Delay                                             src\main.o
EXTI0_IRQHandler                                  src\startup_stm32f10x_hd.o
EXTI15_10_IRQHandler                              src\startup_stm32f10x_hd.o
EXTI1_IRQHandler                                  src\startup_stm32f10x_hd.o
EXTI2_IRQHandler                                  src\startup_stm32f10x_hd.o
EXTI3_IRQHandler                                  src\startup_stm32f10x_hd.o
EXTI4_IRQHandler                                  src\startup_stm32f10x_hd.o
EXTI9_5_IRQHandler                                src\startup_stm32f10x_hd.o
EXTI_ClearFlag                                    Libraries\STM32F10x_StdPeriph_Driver\src\stm32f10x_exti.o
EXTI_ClearITPendingBit                            Libraries\STM32F10x_StdPeriph_Driver\src\stm32f10x_exti.o
EXTI_DeInit                                       Libraries\STM32F10x_StdPeriph_Driver\src\stm32f10x_exti.o
EXTI_GenerateSWInterrupt                          Libraries\STM32F10x_StdPeriph_Driver\src\stm32f10x_exti.o
EXTI_GetFlagStatus                                Libraries\STM32F10x_StdPeriph_Driver\src\stm32f10x_exti.o
EXTI_GetITStatus                                  Libraries\STM32F10x_StdPeriph_Driver\src\stm32f10x_exti.o
EXTI_Init                                         Libraries\STM32F10x_StdPeriph_Driver\src\stm32f10x_exti.o
                                                  Utilities\STM32_EVAL\STM3210E_EVAL\stm3210e_eval.o
EXTI_StructInit                                   Libraries\STM32F10x_StdPeriph_Driver\src\stm32f10x_exti.o
FLASH_ClearFlag                                   Libraries\STM32F10x_StdPeriph_Driver\src\stm32f10x_flash.o
FLASH_EnableWriteProtection                       Libraries\STM32F10x_StdPeriph_Driver\src\stm32f10x_flash.o
FLASH_EraseAllBank1Pages                          Libraries\STM32F10x_StdPeriph_Driver\src\stm32f10x_flash.o
FLASH_EraseAllPages                               Libraries\STM32F10x_StdPeriph_Driver\src\stm32f10x_flash.o
FLASH_EraseOptionBytes                            Libraries\STM32F10x_StdPeriph_Driver\src\stm32f10x_flash.o
FLASH_ErasePage                                   Libraries\STM32F10x_StdPeriph_Driver\src\stm32f10x_flash.o
FLASH_GetBank1Status                              Libraries\STM32F10x_StdPeriph_Driver\src\stm32f10x_flash.o
FLASH_GetFlagStatus                               Libraries\STM32F10x_StdPeriph_Driver\src\stm32f10x_flash.o
FLASH_GetPrefetchBufferStatus                     Libraries\STM32F10x_StdPeriph_Driver\src\stm32f10x_flash.o
FLASH_GetReadOutProtectionStatus                  Libraries\STM32F10x_StdPeriph_Driver\src\stm32f10x_flash.o
FLASH_GetStatus                                   Libraries\STM32F10x_StdPeriph_Driver\src\stm32f10x_flash.o
FLASH_GetUserOptionByte                           Libraries\STM32F10x_StdPeriph_Driver\src\stm32f10x_flash.o
FLASH_GetWriteProtectionOptionByte                Libraries\STM32F10x_StdPeriph_Driver\src\stm32f10x_flash.o
FLASH_HalfCycleAccessCmd                          Libraries\STM32F10x_StdPeriph_Driver\src\stm32f10x_flash.o
FLASH_IRQHandler                                  src\startup_stm32f10x_hd.o
FLASH_ITConfig                                    Libraries\STM32F10x_StdPeriph_Driver\src\stm32f10x_flash.o
FLASH_Lock                                        Libraries\STM32F10x_StdPeriph_Driver\src\stm32f10x_flash.o
FLASH_LockBank1                                   Libraries\STM32F10x_StdPeriph_Driver\src\stm32f10x_flash.o
FLASH_PrefetchBufferCmd                           Libraries\STM32F10x_StdPeriph_Driver\src\stm32f10x_flash.o
FLASH_ProgramHalfWord                             Libraries\STM32F10x_StdPeriph_Driver\src\stm32f10x_flash.o
FLASH_ProgramOptionByteData                       Libraries\STM32F10x_StdPeriph_Driver\src\stm32f10x_flash.o
FLASH_ProgramWord                                 Libraries\STM32F10x_StdPeriph_Driver\src\stm32f10x_flash.o
FLASH_ReadOutProtection                           Libraries\STM32F10x_StdPeriph_Driver\src\stm32f10x_flash.o
FLASH_SetLatency                                  Libraries\STM32F10x_StdPeriph_Driver\src\stm32f10x_flash.o
FLASH_Unlock                                      Libraries\STM32F10x_StdPeriph_Driver\src\stm32f10x_flash.o
FLASH_UnlockBank1                                 Libraries\STM32F10x_StdPeriph_Driver\src\stm32f10x_flash.o
FLASH_UserOptionByteConfig                        Libraries\STM32F10x_StdPeriph_Driver\src\stm32f10x_flash.o
FLASH_WaitForLastBank1Operation                   Libraries\STM32F10x_StdPeriph_Driver\src\stm32f10x_flash.o
FLASH_WaitForLastOperation                        Libraries\STM32F10x_StdPeriph_Driver\src\stm32f10x_flash.o
FSMC_ClearFlag                                    Libraries\STM32F10x_StdPeriph_Driver\src\stm32f10x_fsmc.o
FSMC_ClearITPendingBit                            Libraries\STM32F10x_StdPeriph_Driver\src\stm32f10x_fsmc.o
FSMC_GetECC                                       Libraries\STM32F10x_StdPeriph_Driver\src\stm32f10x_fsmc.o
FSMC_GetFlagStatus                                Libraries\STM32F10x_StdPeriph_Driver\src\stm32f10x_fsmc.o
FSMC_GetITStatus                                  Libraries\STM32F10x_StdPeriph_Driver\src\stm32f10x_fsmc.o
FSMC_IRQHandler                                   src\startup_stm32f10x_hd.o
FSMC_ITConfig                                     Libraries\STM32F10x_StdPeriph_Driver\src\stm32f10x_fsmc.o
FSMC_NANDCmd                                      Libraries\STM32F10x_StdPeriph_Driver\src\stm32f10x_fsmc.o
                                                  Utilities\STM32_EVAL\STM3210E_EVAL\stm3210e_eval_fsmc_nand.o
FSMC_NANDDeInit                                   Libraries\STM32F10x_StdPeriph_Driver\src\stm32f10x_fsmc.o
FSMC_NANDECCCmd                                   Libraries\STM32F10x_StdPeriph_Driver\src\stm32f10x_fsmc.o
FSMC_NANDInit                                     Libraries\STM32F10x_StdPeriph_Driver\src\stm32f10x_fsmc.o
                                                  Utilities\STM32_EVAL\STM3210E_EVAL\stm3210e_eval_fsmc_nand.o
FSMC_NANDStructInit                               Libraries\STM32F10x_StdPeriph_Driver\src\stm32f10x_fsmc.o
FSMC_NORSRAMCmd                                   Libraries\STM32F10x_StdPeriph_Driver\src\stm32f10x_fsmc.o
                                                  Utilities\STM32_EVAL\STM3210E_EVAL\stm3210e_eval_fsmc_nor.o
                                                  Utilities\STM32_EVAL\STM3210E_EVAL\stm3210e_eval_fsmc_sram.o
                                                  Utilities\STM32_EVAL\STM3210E_EVAL\stm3210e_eval_lcd.o
FSMC_NORSRAMDeInit                                Libraries\STM32F10x_StdPeriph_Driver\src\stm32f10x_fsmc.o
                                                  Utilities\STM32_EVAL\STM3210E_EVAL\stm3210e_eval_lcd.o
FSMC_NORSRAMInit                                  Libraries\STM32F10x_StdPeriph_Driver\src\stm32f10x_fsmc.o
                                                  Utilities\STM32_EVAL\STM3210E_EVAL\stm3210e_eval_fsmc_nor.o
                                                  Utilities\STM32_EVAL\STM3210E_EVAL\stm3210e_eval_fsmc_sram.o
                                                  Utilities\STM32_EVAL\STM3210E_EVAL\stm3210e_eval_lcd.o
FSMC_NORSRAMStructInit                            Libraries\STM32F10x_StdPeriph_Driver\src\stm32f10x_fsmc.o
FSMC_PCCARDCmd                                    Libraries\STM32F10x_StdPeriph_Driver\src\stm32f10x_fsmc.o
FSMC_PCCARDDeInit                                 Libraries\STM32F10x_StdPeriph_Driver\src\stm32f10x_fsmc.o
FSMC_PCCARDInit                                   Libraries\STM32F10x_StdPeriph_Driver\src\stm32f10x_fsmc.o
FSMC_PCCARDStructInit                             Libraries\STM32F10x_StdPeriph_Driver\src\stm32f10x_fsmc.o
Font12x12                                         Utilities\STM32_EVAL\Common\fonts.o
                                                  Utilities\STM32_EVAL\Common\lcd_log.o
Font16x24                                         Utilities\STM32_EVAL\Common\fonts.o
                                                  Utilities\STM32_EVAL\STM3210E_EVAL\stm3210e_eval_lcd.o
Font8x12                                          Utilities\STM32_EVAL\Common\fonts.o
                                                  Utilities\STM32_EVAL\Common\lcd_log.o
Font8x8                                           Utilities\STM32_EVAL\Common\fonts.o
GPIO_AFIODeInit                                   Libraries\STM32F10x_StdPeriph_Driver\src\stm32f10x_gpio.o
GPIO_CLK                                          Utilities\STM32_EVAL\STM3210E_EVAL\stm3210e_eval.o
GPIO_Configuration                                src\main.o
GPIO_DeInit                                       Libraries\STM32F10x_StdPeriph_Driver\src\stm32f10x_gpio.o
GPIO_ETH_MediaInterfaceConfig                     Libraries\STM32F10x_StdPeriph_Driver\src\stm32f10x_gpio.o
GPIO_EXTILineConfig                               Libraries\STM32F10x_StdPeriph_Driver\src\stm32f10x_gpio.o
                                                  Utilities\STM32_EVAL\STM3210E_EVAL\stm3210e_eval.o
GPIO_EventOutputCmd                               Libraries\STM32F10x_StdPeriph_Driver\src\stm32f10x_gpio.o
GPIO_EventOutputConfig                            Libraries\STM32F10x_StdPeriph_Driver\src\stm32f10x_gpio.o
GPIO_Init                                         Libraries\STM32F10x_StdPeriph_Driver\src\stm32f10x_gpio.o
                                                  Utilities\STM32_EVAL\STM3210E_EVAL\stm3210e_eval.o
                                                  Utilities\STM32_EVAL\STM3210E_EVAL\stm3210e_eval_fsmc_nand.o
                                                  Utilities\STM32_EVAL\STM3210E_EVAL\stm3210e_eval_fsmc_nor.o
                                                  Utilities\STM32_EVAL\STM3210E_EVAL\stm3210e_eval_fsmc_sram.o
                                                  Utilities\STM32_EVAL\STM3210E_EVAL\stm3210e_eval_lcd.o
                                                  src\main.o
GPIO_PIN                                          Utilities\STM32_EVAL\STM3210E_EVAL\stm3210e_eval.o
GPIO_PORT                                         Utilities\STM32_EVAL\STM3210E_EVAL\stm3210e_eval.o
GPIO_PinLockConfig                                Libraries\STM32F10x_StdPeriph_Driver\src\stm32f10x_gpio.o
GPIO_PinRemapConfig                               Libraries\STM32F10x_StdPeriph_Driver\src\stm32f10x_gpio.o
                                                  src\main.o
GPIO_ReadInputData                                Libraries\STM32F10x_StdPeriph_Driver\src\stm32f10x_gpio.o
GPIO_ReadInputDataBit                             Libraries\STM32F10x_StdPeriph_Driver\src\stm32f10x_gpio.o
                                                  Utilities\STM32_EVAL\STM3210E_EVAL\stm3210e_eval.o
                                                  Utilities\STM32_EVAL\STM3210E_EVAL\stm3210e_eval_fsmc_nor.o
                                                  Utilities\STM32_EVAL\STM3210E_EVAL\stm3210e_eval_sdio_sd.o
GPIO_ReadOutputData                               Libraries\STM32F10x_StdPeriph_Driver\src\stm32f10x_gpio.o
GPIO_ReadOutputDataBit                            Libraries\STM32F10x_StdPeriph_Driver\src\stm32f10x_gpio.o
GPIO_ResetBits                                    Libraries\STM32F10x_StdPeriph_Driver\src\stm32f10x_gpio.o
                                                  Utilities\STM32_EVAL\STM3210E_EVAL\stm3210e_eval_spi_flash.o
GPIO_SetBits                                      Libraries\STM32F10x_StdPeriph_Driver\src\stm32f10x_gpio.o
                                                  Utilities\STM32_EVAL\STM3210E_EVAL\stm3210e_eval_spi_flash.o
GPIO_StructInit                                   Libraries\STM32F10x_StdPeriph_Driver\src\stm32f10x_gpio.o
GPIO_Write                                        Libraries\STM32F10x_StdPeriph_Driver\src\stm32f10x_gpio.o
GPIO_WriteBit                                     Libraries\STM32F10x_StdPeriph_Driver\src\stm32f10x_gpio.o
HardFault_Handler                                 src\stm32f10x_it.o
I2C1_ER_IRQHandler                                src\startup_stm32f10x_hd.o
I2C1_EV_IRQHandler                                src\startup_stm32f10x_hd.o
I2C2_ER_IRQHandler                                src\startup_stm32f10x_hd.o
I2C2_EV_IRQHandler                                src\startup_stm32f10x_hd.o
I2C_ARPCmd                                        Libraries\STM32F10x_StdPeriph_Driver\src\stm32f10x_i2c.o
I2C_AcknowledgeConfig                             Libraries\STM32F10x_StdPeriph_Driver\src\stm32f10x_i2c.o
                                                  Utilities\STM32_EVAL\STM3210E_EVAL\stm3210e_eval_i2c_tsensor.o
I2C_CalculatePEC                                  Libraries\STM32F10x_StdPeriph_Driver\src\stm32f10x_i2c.o
I2C_CheckEvent                                    Libraries\STM32F10x_StdPeriph_Driver\src\stm32f10x_i2c.o
                                                  Utilities\STM32_EVAL\STM3210E_EVAL\stm3210e_eval_i2c_tsensor.o
I2C_ClearFlag                                     Libraries\STM32F10x_StdPeriph_Driver\src\stm32f10x_i2c.o
                                                  Utilities\STM32_EVAL\STM3210E_EVAL\stm3210e_eval_i2c_tsensor.o
I2C_ClearITPendingBit                             Libraries\STM32F10x_StdPeriph_Driver\src\stm32f10x_i2c.o
I2C_Cmd                                           Libraries\STM32F10x_StdPeriph_Driver\src\stm32f10x_i2c.o
                                                  Utilities\STM32_EVAL\STM3210E_EVAL\stm3210e_eval.o
                                                  Utilities\STM32_EVAL\STM3210E_EVAL\stm3210e_eval_i2c_tsensor.o
I2C_DMACmd                                        Libraries\STM32F10x_StdPeriph_Driver\src\stm32f10x_i2c.o
                                                  Utilities\STM32_EVAL\STM3210E_EVAL\stm3210e_eval_i2c_tsensor.o
I2C_DMALastTransferCmd                            Libraries\STM32F10x_StdPeriph_Driver\src\stm32f10x_i2c.o
                                                  Utilities\STM32_EVAL\STM3210E_EVAL\stm3210e_eval_i2c_tsensor.o
I2C_DeInit                                        Libraries\STM32F10x_StdPeriph_Driver\src\stm32f10x_i2c.o
                                                  Utilities\STM32_EVAL\STM3210E_EVAL\stm3210e_eval.o
                                                  Utilities\STM32_EVAL\STM3210E_EVAL\stm3210e_eval_i2c_tsensor.o
I2C_DualAddressCmd                                Libraries\STM32F10x_StdPeriph_Driver\src\stm32f10x_i2c.o
I2C_FastModeDutyCycleConfig                       Libraries\STM32F10x_StdPeriph_Driver\src\stm32f10x_i2c.o
I2C_GeneralCallCmd                                Libraries\STM32F10x_StdPeriph_Driver\src\stm32f10x_i2c.o
I2C_GenerateSTART                                 Libraries\STM32F10x_StdPeriph_Driver\src\stm32f10x_i2c.o
                                                  Utilities\STM32_EVAL\STM3210E_EVAL\stm3210e_eval_i2c_tsensor.o
I2C_GenerateSTOP                                  Libraries\STM32F10x_StdPeriph_Driver\src\stm32f10x_i2c.o
                                                  Utilities\STM32_EVAL\STM3210E_EVAL\stm3210e_eval_i2c_tsensor.o
I2C_GetFlagStatus                                 Libraries\STM32F10x_StdPeriph_Driver\src\stm32f10x_i2c.o
                                                  Utilities\STM32_EVAL\STM3210E_EVAL\stm3210e_eval_i2c_tsensor.o
I2C_GetITStatus                                   Libraries\STM32F10x_StdPeriph_Driver\src\stm32f10x_i2c.o
I2C_GetLastEvent                                  Libraries\STM32F10x_StdPeriph_Driver\src\stm32f10x_i2c.o
I2C_GetPEC                                        Libraries\STM32F10x_StdPeriph_Driver\src\stm32f10x_i2c.o
I2C_ITConfig                                      Libraries\STM32F10x_StdPeriph_Driver\src\stm32f10x_i2c.o
                                                  Utilities\STM32_EVAL\STM3210E_EVAL\stm3210e_eval_i2c_tsensor.o
I2C_Init                                          Libraries\STM32F10x_StdPeriph_Driver\src\stm32f10x_i2c.o
                                                  Utilities\STM32_EVAL\STM3210E_EVAL\stm3210e_eval_i2c_tsensor.o
I2C_NACKPositionConfig                            Libraries\STM32F10x_StdPeriph_Driver\src\stm32f10x_i2c.o
I2C_OwnAddress2Config                             Libraries\STM32F10x_StdPeriph_Driver\src\stm32f10x_i2c.o
I2C_PECPositionConfig                             Libraries\STM32F10x_StdPeriph_Driver\src\stm32f10x_i2c.o
I2C_ReadRegister                                  Libraries\STM32F10x_StdPeriph_Driver\src\stm32f10x_i2c.o
I2C_ReceiveData                                   Libraries\STM32F10x_StdPeriph_Driver\src\stm32f10x_i2c.o
I2C_SMBusAlertConfig                              Libraries\STM32F10x_StdPeriph_Driver\src\stm32f10x_i2c.o
I2C_Send7bitAddress                               Libraries\STM32F10x_StdPeriph_Driver\src\stm32f10x_i2c.o
                                                  Utilities\STM32_EVAL\STM3210E_EVAL\stm3210e_eval_i2c_tsensor.o
I2C_SendData                                      Libraries\STM32F10x_StdPeriph_Driver\src\stm32f10x_i2c.o
                                                  Utilities\STM32_EVAL\STM3210E_EVAL\stm3210e_eval_i2c_tsensor.o
I2C_SoftwareResetCmd                              Libraries\STM32F10x_StdPeriph_Driver\src\stm32f10x_i2c.o
I2C_StretchClockCmd                               Libraries\STM32F10x_StdPeriph_Driver\src\stm32f10x_i2c.o
I2C_StructInit                                    Libraries\STM32F10x_StdPeriph_Driver\src\stm32f10x_i2c.o
I2C_TransmitPEC                                   Libraries\STM32F10x_StdPeriph_Driver\src\stm32f10x_i2c.o
I2S_Cmd                                           Libraries\STM32F10x_StdPeriph_Driver\src\stm32f10x_spi.o
I2S_Init                                          Libraries\STM32F10x_StdPeriph_Driver\src\stm32f10x_spi.o
I2S_StructInit                                    Libraries\STM32F10x_StdPeriph_Driver\src\stm32f10x_spi.o
IWDG_Enable                                       Libraries\STM32F10x_StdPeriph_Driver\src\stm32f10x_iwdg.o
IWDG_GetFlagStatus                                Libraries\STM32F10x_StdPeriph_Driver\src\stm32f10x_iwdg.o
IWDG_ReloadCounter                                Libraries\STM32F10x_StdPeriph_Driver\src\stm32f10x_iwdg.o
IWDG_SetPrescaler                                 Libraries\STM32F10x_StdPeriph_Driver\src\stm32f10x_iwdg.o
IWDG_SetReload                                    Libraries\STM32F10x_StdPeriph_Driver\src\stm32f10x_iwdg.o
IWDG_WriteAccessCmd                               Libraries\STM32F10x_StdPeriph_Driver\src\stm32f10x_iwdg.o
Init_RxMes                                        src\main.o
KeyNumber                                         src\main.o
                                                  src\stm32f10x_it.o
LCD_CacheBuffer                                   Utilities\STM32_EVAL\Common\lcd_log.o
LCD_CacheBuffer_xptr                              Utilities\STM32_EVAL\Common\lcd_log.o
LCD_CacheBuffer_yptr_bottom                       Utilities\STM32_EVAL\Common\lcd_log.o
LCD_CacheBuffer_yptr_bottom_bak                   Utilities\STM32_EVAL\Common\lcd_log.o
LCD_CacheBuffer_yptr_invert                       Utilities\STM32_EVAL\Common\lcd_log.o
LCD_CacheBuffer_yptr_top                          Utilities\STM32_EVAL\Common\lcd_log.o
LCD_CacheBuffer_yptr_top_bak                      Utilities\STM32_EVAL\Common\lcd_log.o
LCD_Clear                                         Utilities\STM32_EVAL\STM3210E_EVAL\stm3210e_eval_lcd.o
                                                  Utilities\STM32_EVAL\Common\lcd_log.o
LCD_ClearLine                                     Utilities\STM32_EVAL\STM3210E_EVAL\stm3210e_eval_lcd.o
                                                  Utilities\STM32_EVAL\Common\lcd_log.o
LCD_ClosedPolyLine                                Utilities\STM32_EVAL\STM3210E_EVAL\stm3210e_eval_lcd.o
LCD_ClosedPolyLineRelative                        Utilities\STM32_EVAL\STM3210E_EVAL\stm3210e_eval_lcd.o
LCD_CtrlLinesConfig                               Utilities\STM32_EVAL\STM3210E_EVAL\stm3210e_eval_lcd.o
LCD_DeInit                                        Utilities\STM32_EVAL\STM3210E_EVAL\stm3210e_eval_lcd.o
LCD_DisplayChar                                   Utilities\STM32_EVAL\STM3210E_EVAL\stm3210e_eval_lcd.o
LCD_DisplayOff                                    Utilities\STM32_EVAL\STM3210E_EVAL\stm3210e_eval_lcd.o
LCD_DisplayOn                                     Utilities\STM32_EVAL\STM3210E_EVAL\stm3210e_eval_lcd.o
LCD_DisplayStringLine                             Utilities\STM32_EVAL\STM3210E_EVAL\stm3210e_eval_lcd.o
                                                  Utilities\STM32_EVAL\Common\lcd_log.o
LCD_DrawChar                                      Utilities\STM32_EVAL\STM3210E_EVAL\stm3210e_eval_lcd.o
LCD_DrawCircle                                    Utilities\STM32_EVAL\STM3210E_EVAL\stm3210e_eval_lcd.o
LCD_DrawFullCircle                                Utilities\STM32_EVAL\STM3210E_EVAL\stm3210e_eval_lcd.o
LCD_DrawFullRect                                  Utilities\STM32_EVAL\STM3210E_EVAL\stm3210e_eval_lcd.o
LCD_DrawLine                                      Utilities\STM32_EVAL\STM3210E_EVAL\stm3210e_eval_lcd.o
LCD_DrawMonoPict                                  Utilities\STM32_EVAL\STM3210E_EVAL\stm3210e_eval_lcd.o
LCD_DrawRect                                      Utilities\STM32_EVAL\STM3210E_EVAL\stm3210e_eval_lcd.o
LCD_DrawUniLine                                   Utilities\STM32_EVAL\STM3210E_EVAL\stm3210e_eval_lcd.o
LCD_FSMCConfig                                    Utilities\STM32_EVAL\STM3210E_EVAL\stm3210e_eval_lcd.o
LCD_FillPolyLine                                  Utilities\STM32_EVAL\STM3210E_EVAL\stm3210e_eval_lcd.o
LCD_GetColors                                     Utilities\STM32_EVAL\STM3210E_EVAL\stm3210e_eval_lcd.o
LCD_GetFont                                       Utilities\STM32_EVAL\STM3210E_EVAL\stm3210e_eval_lcd.o
                                                  Utilities\STM32_EVAL\Common\lcd_log.o
LCD_LOG_ClearTextZone                             Utilities\STM32_EVAL\Common\lcd_log.o
LCD_LOG_DeInit                                    Utilities\STM32_EVAL\Common\lcd_log.o
LCD_LOG_Init                                      Utilities\STM32_EVAL\Common\lcd_log.o
LCD_LOG_ScrollBack                                Utilities\STM32_EVAL\Common\lcd_log.o
LCD_LOG_ScrollForward                             Utilities\STM32_EVAL\Common\lcd_log.o
LCD_LOG_SetFooter                                 Utilities\STM32_EVAL\Common\lcd_log.o
LCD_LOG_SetHeader                                 Utilities\STM32_EVAL\Common\lcd_log.o
LCD_LineColor                                     Utilities\STM32_EVAL\Common\lcd_log.o
LCD_Lock                                          Utilities\STM32_EVAL\Common\lcd_log.o
LCD_PolyLine                                      Utilities\STM32_EVAL\STM3210E_EVAL\stm3210e_eval_lcd.o
LCD_PolyLineRelative                              Utilities\STM32_EVAL\STM3210E_EVAL\stm3210e_eval_lcd.o
LCD_PowerOn                                       Utilities\STM32_EVAL\STM3210E_EVAL\stm3210e_eval_lcd.o
LCD_ReadRAM                                       Utilities\STM32_EVAL\STM3210E_EVAL\stm3210e_eval_lcd.o
LCD_ReadReg                                       Utilities\STM32_EVAL\STM3210E_EVAL\stm3210e_eval_lcd.o
LCD_ScrollActive                                  Utilities\STM32_EVAL\Common\lcd_log.o
LCD_ScrollBackStep                                Utilities\STM32_EVAL\Common\lcd_log.o
LCD_Scrolled                                      Utilities\STM32_EVAL\Common\lcd_log.o
LCD_SetBackColor                                  Utilities\STM32_EVAL\STM3210E_EVAL\stm3210e_eval_lcd.o
                                                  Utilities\STM32_EVAL\Common\lcd_log.o
LCD_SetColors                                     Utilities\STM32_EVAL\STM3210E_EVAL\stm3210e_eval_lcd.o
LCD_SetCursor                                     Utilities\STM32_EVAL\STM3210E_EVAL\stm3210e_eval_lcd.o
LCD_SetDisplayWindow                              Utilities\STM32_EVAL\STM3210E_EVAL\stm3210e_eval_lcd.o
LCD_SetFont                                       Utilities\STM32_EVAL\STM3210E_EVAL\stm3210e_eval_lcd.o
                                                  Utilities\STM32_EVAL\Common\lcd_log.o
LCD_SetTextColor                                  Utilities\STM32_EVAL\STM3210E_EVAL\stm3210e_eval_lcd.o
                                                  Utilities\STM32_EVAL\Common\lcd_log.o
LCD_WindowModeDisable                             Utilities\STM32_EVAL\STM3210E_EVAL\stm3210e_eval_lcd.o
LCD_WriteBMP                                      Utilities\STM32_EVAL\STM3210E_EVAL\stm3210e_eval_lcd.o
LCD_WriteRAM                                      Utilities\STM32_EVAL\STM3210E_EVAL\stm3210e_eval_lcd.o
LCD_WriteRAM_Prepare                              Utilities\STM32_EVAL\STM3210E_EVAL\stm3210e_eval_lcd.o
LCD_WriteReg                                      Utilities\STM32_EVAL\STM3210E_EVAL\stm3210e_eval_lcd.o
LED_Display                                       src\main.o
                                                  src\stm32f10x_it.o
LM75_DeInit                                       Utilities\STM32_EVAL\STM3210E_EVAL\stm3210e_eval_i2c_tsensor.o
LM75_GetStatus                                    Utilities\STM32_EVAL\STM3210E_EVAL\stm3210e_eval_i2c_tsensor.o
LM75_Init                                         Utilities\STM32_EVAL\STM3210E_EVAL\stm3210e_eval_i2c_tsensor.o
LM75_LowLevel_DeInit                              Utilities\STM32_EVAL\STM3210E_EVAL\stm3210e_eval.o
                                                  Utilities\STM32_EVAL\STM3210E_EVAL\stm3210e_eval_i2c_tsensor.o
LM75_LowLevel_Init                                Utilities\STM32_EVAL\STM3210E_EVAL\stm3210e_eval.o
                                                  Utilities\STM32_EVAL\STM3210E_EVAL\stm3210e_eval_i2c_tsensor.o
LM75_ReadConfReg                                  Utilities\STM32_EVAL\STM3210E_EVAL\stm3210e_eval_i2c_tsensor.o
LM75_ReadReg                                      Utilities\STM32_EVAL\STM3210E_EVAL\stm3210e_eval_i2c_tsensor.o
LM75_ReadTemp                                     Utilities\STM32_EVAL\STM3210E_EVAL\stm3210e_eval_i2c_tsensor.o
LM75_ShutDown                                     Utilities\STM32_EVAL\STM3210E_EVAL\stm3210e_eval_i2c_tsensor.o
LM75_Timeout                                      Utilities\STM32_EVAL\STM3210E_EVAL\stm3210e_eval_i2c_tsensor.o
LM75_WriteConfReg                                 Utilities\STM32_EVAL\STM3210E_EVAL\stm3210e_eval_i2c_tsensor.o
LM75_WriteReg                                     Utilities\STM32_EVAL\STM3210E_EVAL\stm3210e_eval_i2c_tsensor.o
MemManage_Handler                                 src\stm32f10x_it.o
NAND_AddressIncrement                             Utilities\STM32_EVAL\STM3210E_EVAL\stm3210e_eval_fsmc_nand.o
NAND_EraseBlock                                   Utilities\STM32_EVAL\STM3210E_EVAL\stm3210e_eval_fsmc_nand.o
NAND_GetStatus                                    Utilities\STM32_EVAL\STM3210E_EVAL\stm3210e_eval_fsmc_nand.o
NAND_Init                                         Utilities\STM32_EVAL\STM3210E_EVAL\stm3210e_eval_fsmc_nand.o
NAND_ReadID                                       Utilities\STM32_EVAL\STM3210E_EVAL\stm3210e_eval_fsmc_nand.o
NAND_ReadSmallPage                                Utilities\STM32_EVAL\STM3210E_EVAL\stm3210e_eval_fsmc_nand.o
NAND_ReadSpareArea                                Utilities\STM32_EVAL\STM3210E_EVAL\stm3210e_eval_fsmc_nand.o
NAND_ReadStatus                                   Utilities\STM32_EVAL\STM3210E_EVAL\stm3210e_eval_fsmc_nand.o
NAND_Reset                                        Utilities\STM32_EVAL\STM3210E_EVAL\stm3210e_eval_fsmc_nand.o
NAND_WriteSmallPage                               Utilities\STM32_EVAL\STM3210E_EVAL\stm3210e_eval_fsmc_nand.o
NAND_WriteSpareArea                               Utilities\STM32_EVAL\STM3210E_EVAL\stm3210e_eval_fsmc_nand.o
NMI_Handler                                       src\stm32f10x_it.o
NOR_EraseBlock                                    Utilities\STM32_EVAL\STM3210E_EVAL\stm3210e_eval_fsmc_nor.o
NOR_EraseChip                                     Utilities\STM32_EVAL\STM3210E_EVAL\stm3210e_eval_fsmc_nor.o
NOR_GetStatus                                     Utilities\STM32_EVAL\STM3210E_EVAL\stm3210e_eval_fsmc_nor.o
NOR_Init                                          Utilities\STM32_EVAL\STM3210E_EVAL\stm3210e_eval_fsmc_nor.o
NOR_ProgramBuffer                                 Utilities\STM32_EVAL\STM3210E_EVAL\stm3210e_eval_fsmc_nor.o
NOR_ReadBuffer                                    Utilities\STM32_EVAL\STM3210E_EVAL\stm3210e_eval_fsmc_nor.o
NOR_ReadHalfWord                                  Utilities\STM32_EVAL\STM3210E_EVAL\stm3210e_eval_fsmc_nor.o
NOR_ReadID                                        Utilities\STM32_EVAL\STM3210E_EVAL\stm3210e_eval_fsmc_nor.o
NOR_Reset                                         Utilities\STM32_EVAL\STM3210E_EVAL\stm3210e_eval_fsmc_nor.o
NOR_ReturnToReadMode                              Utilities\STM32_EVAL\STM3210E_EVAL\stm3210e_eval_fsmc_nor.o
NOR_WriteBuffer                                   Utilities\STM32_EVAL\STM3210E_EVAL\stm3210e_eval_fsmc_nor.o
NOR_WriteHalfWord                                 Utilities\STM32_EVAL\STM3210E_EVAL\stm3210e_eval_fsmc_nor.o
NVIC_Config                                       src\main.o
NVIC_Init                                         Libraries\STM32F10x_StdPeriph_Driver\src\misc.o
                                                  Utilities\STM32_EVAL\STM3210E_EVAL\stm3210e_eval.o
                                                  src\main.o
NVIC_PriorityGroupConfig                          Libraries\STM32F10x_StdPeriph_Driver\src\misc.o
                                                  src\main.o
NVIC_SetVectorTable                               Libraries\STM32F10x_StdPeriph_Driver\src\misc.o
NVIC_SystemLPConfig                               Libraries\STM32F10x_StdPeriph_Driver\src\misc.o
PVD_IRQHandler                                    src\startup_stm32f10x_hd.o
PWR_BackupAccessCmd                               Libraries\STM32F10x_StdPeriph_Driver\src\stm32f10x_pwr.o
PWR_ClearFlag                                     Libraries\STM32F10x_StdPeriph_Driver\src\stm32f10x_pwr.o
PWR_DeInit                                        Libraries\STM32F10x_StdPeriph_Driver\src\stm32f10x_pwr.o
PWR_EnterSTANDBYMode                              Libraries\STM32F10x_StdPeriph_Driver\src\stm32f10x_pwr.o
PWR_EnterSTOPMode                                 Libraries\STM32F10x_StdPeriph_Driver\src\stm32f10x_pwr.o
PWR_GetFlagStatus                                 Libraries\STM32F10x_StdPeriph_Driver\src\stm32f10x_pwr.o
PWR_PVDCmd                                        Libraries\STM32F10x_StdPeriph_Driver\src\stm32f10x_pwr.o
PWR_PVDLevelConfig                                Libraries\STM32F10x_StdPeriph_Driver\src\stm32f10x_pwr.o
PWR_WakeUpPinCmd                                  Libraries\STM32F10x_StdPeriph_Driver\src\stm32f10x_pwr.o
PendSV_Handler                                    src\stm32f10x_it.o
RCC_ADCCLKConfig                                  Libraries\STM32F10x_StdPeriph_Driver\src\stm32f10x_rcc.o
RCC_AHBPeriphClockCmd                             Libraries\STM32F10x_StdPeriph_Driver\src\stm32f10x_rcc.o
                                                  Utilities\STM32_EVAL\STM3210E_EVAL\stm3210e_eval.o
                                                  Utilities\STM32_EVAL\STM3210E_EVAL\stm3210e_eval_i2c_tsensor.o
                                                  Utilities\STM32_EVAL\STM3210E_EVAL\stm3210e_eval_lcd.o
RCC_APB1PeriphClockCmd                            Libraries\STM32F10x_StdPeriph_Driver\src\stm32f10x_rcc.o
                                                  Utilities\STM32_EVAL\STM3210E_EVAL\stm3210e_eval.o
                                                  src\main.o
RCC_APB1PeriphResetCmd                            Libraries\STM32F10x_StdPeriph_Driver\src\stm32f10x_rcc.o
                                                  Libraries\STM32F10x_StdPeriph_Driver\src\stm32f10x_can.o
                                                  Libraries\STM32F10x_StdPeriph_Driver\src\stm32f10x_cec.o
                                                  Libraries\STM32F10x_StdPeriph_Driver\src\stm32f10x_dac.o
                                                  Libraries\STM32F10x_StdPeriph_Driver\src\stm32f10x_i2c.o
                                                  Libraries\STM32F10x_StdPeriph_Driver\src\stm32f10x_pwr.o
                                                  Libraries\STM32F10x_StdPeriph_Driver\src\stm32f10x_spi.o
                                                  Libraries\STM32F10x_StdPeriph_Driver\src\stm32f10x_tim.o
                                                  Libraries\STM32F10x_StdPeriph_Driver\src\stm32f10x_usart.o
                                                  Libraries\STM32F10x_StdPeriph_Driver\src\stm32f10x_wwdg.o
RCC_APB2PeriphClockCmd                            Libraries\STM32F10x_StdPeriph_Driver\src\stm32f10x_rcc.o
                                                  Utilities\STM32_EVAL\STM3210E_EVAL\stm3210e_eval.o
                                                  Utilities\STM32_EVAL\STM3210E_EVAL\stm3210e_eval_fsmc_nand.o
                                                  Utilities\STM32_EVAL\STM3210E_EVAL\stm3210e_eval_fsmc_nor.o
                                                  Utilities\STM32_EVAL\STM3210E_EVAL\stm3210e_eval_fsmc_sram.o
                                                  Utilities\STM32_EVAL\STM3210E_EVAL\stm3210e_eval_lcd.o
                                                  src\main.o
RCC_APB2PeriphResetCmd                            Libraries\STM32F10x_StdPeriph_Driver\src\stm32f10x_rcc.o
                                                  Libraries\STM32F10x_StdPeriph_Driver\src\stm32f10x_adc.o
                                                  Libraries\STM32F10x_StdPeriph_Driver\src\stm32f10x_gpio.o
                                                  Libraries\STM32F10x_StdPeriph_Driver\src\stm32f10x_spi.o
                                                  Libraries\STM32F10x_StdPeriph_Driver\src\stm32f10x_tim.o
                                                  Libraries\STM32F10x_StdPeriph_Driver\src\stm32f10x_usart.o
RCC_AdjustHSICalibrationValue                     Libraries\STM32F10x_StdPeriph_Driver\src\stm32f10x_rcc.o
RCC_BackupResetCmd                                Libraries\STM32F10x_StdPeriph_Driver\src\stm32f10x_rcc.o
                                                  Libraries\STM32F10x_StdPeriph_Driver\src\stm32f10x_bkp.o
RCC_ClearFlag                                     Libraries\STM32F10x_StdPeriph_Driver\src\stm32f10x_rcc.o
RCC_ClearITPendingBit                             Libraries\STM32F10x_StdPeriph_Driver\src\stm32f10x_rcc.o
RCC_ClockSecuritySystemCmd                        Libraries\STM32F10x_StdPeriph_Driver\src\stm32f10x_rcc.o
RCC_Configuration                                 src\main.o
RCC_DeInit                                        Libraries\STM32F10x_StdPeriph_Driver\src\stm32f10x_rcc.o
RCC_GetClocksFreq                                 Libraries\STM32F10x_StdPeriph_Driver\src\stm32f10x_rcc.o
                                                  Libraries\STM32F10x_StdPeriph_Driver\src\stm32f10x_i2c.o
                                                  Libraries\STM32F10x_StdPeriph_Driver\src\stm32f10x_spi.o
                                                  Libraries\STM32F10x_StdPeriph_Driver\src\stm32f10x_usart.o
RCC_GetFlagStatus                                 Libraries\STM32F10x_StdPeriph_Driver\src\stm32f10x_rcc.o
RCC_GetITStatus                                   Libraries\STM32F10x_StdPeriph_Driver\src\stm32f10x_rcc.o
RCC_GetSYSCLKSource                               Libraries\STM32F10x_StdPeriph_Driver\src\stm32f10x_rcc.o
RCC_HCLKConfig                                    Libraries\STM32F10x_StdPeriph_Driver\src\stm32f10x_rcc.o
RCC_HSEConfig                                     Libraries\STM32F10x_StdPeriph_Driver\src\stm32f10x_rcc.o
RCC_HSICmd                                        Libraries\STM32F10x_StdPeriph_Driver\src\stm32f10x_rcc.o
RCC_IRQHandler                                    src\startup_stm32f10x_hd.o
RCC_ITConfig                                      Libraries\STM32F10x_StdPeriph_Driver\src\stm32f10x_rcc.o
RCC_LSEConfig                                     Libraries\STM32F10x_StdPeriph_Driver\src\stm32f10x_rcc.o
RCC_LSICmd                                        Libraries\STM32F10x_StdPeriph_Driver\src\stm32f10x_rcc.o
RCC_MCOConfig                                     Libraries\STM32F10x_StdPeriph_Driver\src\stm32f10x_rcc.o
RCC_PCLK1Config                                   Libraries\STM32F10x_StdPeriph_Driver\src\stm32f10x_rcc.o
RCC_PCLK2Config                                   Libraries\STM32F10x_StdPeriph_Driver\src\stm32f10x_rcc.o
RCC_PLLCmd                                        Libraries\STM32F10x_StdPeriph_Driver\src\stm32f10x_rcc.o
RCC_PLLConfig                                     Libraries\STM32F10x_StdPeriph_Driver\src\stm32f10x_rcc.o
RCC_RTCCLKCmd                                     Libraries\STM32F10x_StdPeriph_Driver\src\stm32f10x_rcc.o
RCC_RTCCLKConfig                                  Libraries\STM32F10x_StdPeriph_Driver\src\stm32f10x_rcc.o
RCC_SYSCLKConfig                                  Libraries\STM32F10x_StdPeriph_Driver\src\stm32f10x_rcc.o
RCC_USBCLKConfig                                  Libraries\STM32F10x_StdPeriph_Driver\src\stm32f10x_rcc.o
RCC_WaitForHSEStartUp                             Libraries\STM32F10x_StdPeriph_Driver\src\stm32f10x_rcc.o
RTCAlarm_IRQHandler                               src\startup_stm32f10x_hd.o
RTC_ClearFlag                                     Libraries\STM32F10x_StdPeriph_Driver\src\stm32f10x_rtc.o
RTC_ClearITPendingBit                             Libraries\STM32F10x_StdPeriph_Driver\src\stm32f10x_rtc.o
RTC_EnterConfigMode                               Libraries\STM32F10x_StdPeriph_Driver\src\stm32f10x_rtc.o
RTC_ExitConfigMode                                Libraries\STM32F10x_StdPeriph_Driver\src\stm32f10x_rtc.o
RTC_GetCounter                                    Libraries\STM32F10x_StdPeriph_Driver\src\stm32f10x_rtc.o
RTC_GetDivider                                    Libraries\STM32F10x_StdPeriph_Driver\src\stm32f10x_rtc.o
RTC_GetFlagStatus                                 Libraries\STM32F10x_StdPeriph_Driver\src\stm32f10x_rtc.o
RTC_GetITStatus                                   Libraries\STM32F10x_StdPeriph_Driver\src\stm32f10x_rtc.o
RTC_IRQHandler                                    src\startup_stm32f10x_hd.o
RTC_ITConfig                                      Libraries\STM32F10x_StdPeriph_Driver\src\stm32f10x_rtc.o
RTC_SetAlarm                                      Libraries\STM32F10x_StdPeriph_Driver\src\stm32f10x_rtc.o
RTC_SetCounter                                    Libraries\STM32F10x_StdPeriph_Driver\src\stm32f10x_rtc.o
RTC_SetPrescaler                                  Libraries\STM32F10x_StdPeriph_Driver\src\stm32f10x_rtc.o
RTC_WaitForLastTask                               Libraries\STM32F10x_StdPeriph_Driver\src\stm32f10x_rtc.o
RTC_WaitForSynchro                                Libraries\STM32F10x_StdPeriph_Driver\src\stm32f10x_rtc.o
Reset_Handler                                     src\startup_stm32f10x_hd.o
RxCounter                                         src\main.o
RxMessage                                         src\stm32f10x_it.o
SDCardInfo                                        Utilities\STM32_EVAL\STM3210E_EVAL\stm3210e_eval_sdio_sd.o
SDIO_CEATAITCmd                                   Libraries\STM32F10x_StdPeriph_Driver\src\stm32f10x_sdio.o
SDIO_ClearFlag                                    Libraries\STM32F10x_StdPeriph_Driver\src\stm32f10x_sdio.o
                                                  Utilities\STM32_EVAL\STM3210E_EVAL\stm3210e_eval_sdio_sd.o
SDIO_ClearITPendingBit                            Libraries\STM32F10x_StdPeriph_Driver\src\stm32f10x_sdio.o
                                                  Utilities\STM32_EVAL\STM3210E_EVAL\stm3210e_eval_sdio_sd.o
SDIO_ClockCmd                                     Libraries\STM32F10x_StdPeriph_Driver\src\stm32f10x_sdio.o
                                                  Utilities\STM32_EVAL\STM3210E_EVAL\stm3210e_eval.o
                                                  Utilities\STM32_EVAL\STM3210E_EVAL\stm3210e_eval_sdio_sd.o
SDIO_CmdInitStructure                             Utilities\STM32_EVAL\STM3210E_EVAL\stm3210e_eval_sdio_sd.o
SDIO_CmdStructInit                                Libraries\STM32F10x_StdPeriph_Driver\src\stm32f10x_sdio.o
SDIO_CommandCompletionCmd                         Libraries\STM32F10x_StdPeriph_Driver\src\stm32f10x_sdio.o
SDIO_DMACmd                                       Libraries\STM32F10x_StdPeriph_Driver\src\stm32f10x_sdio.o
                                                  Utilities\STM32_EVAL\STM3210E_EVAL\stm3210e_eval_sdio_sd.o
SDIO_DataConfig                                   Libraries\STM32F10x_StdPeriph_Driver\src\stm32f10x_sdio.o
                                                  Utilities\STM32_EVAL\STM3210E_EVAL\stm3210e_eval_sdio_sd.o
SDIO_DataInitStructure                            Utilities\STM32_EVAL\STM3210E_EVAL\stm3210e_eval_sdio_sd.o
SDIO_DataStructInit                               Libraries\STM32F10x_StdPeriph_Driver\src\stm32f10x_sdio.o
SDIO_DeInit                                       Libraries\STM32F10x_StdPeriph_Driver\src\stm32f10x_sdio.o
                                                  Utilities\STM32_EVAL\STM3210E_EVAL\stm3210e_eval.o
                                                  Utilities\STM32_EVAL\STM3210E_EVAL\stm3210e_eval_sdio_sd.o
SDIO_GetCommandResponse                           Libraries\STM32F10x_StdPeriph_Driver\src\stm32f10x_sdio.o
                                                  Utilities\STM32_EVAL\STM3210E_EVAL\stm3210e_eval_sdio_sd.o
SDIO_GetDataCounter                               Libraries\STM32F10x_StdPeriph_Driver\src\stm32f10x_sdio.o
SDIO_GetFIFOCount                                 Libraries\STM32F10x_StdPeriph_Driver\src\stm32f10x_sdio.o
SDIO_GetFlagStatus                                Libraries\STM32F10x_StdPeriph_Driver\src\stm32f10x_sdio.o
                                                  Utilities\STM32_EVAL\STM3210E_EVAL\stm3210e_eval_sdio_sd.o
SDIO_GetITStatus                                  Libraries\STM32F10x_StdPeriph_Driver\src\stm32f10x_sdio.o
                                                  Utilities\STM32_EVAL\STM3210E_EVAL\stm3210e_eval_sdio_sd.o
SDIO_GetPowerState                                Libraries\STM32F10x_StdPeriph_Driver\src\stm32f10x_sdio.o
                                                  Utilities\STM32_EVAL\STM3210E_EVAL\stm3210e_eval_sdio_sd.o
SDIO_GetResponse                                  Libraries\STM32F10x_StdPeriph_Driver\src\stm32f10x_sdio.o
                                                  Utilities\STM32_EVAL\STM3210E_EVAL\stm3210e_eval_sdio_sd.o
SDIO_IRQHandler                                   src\startup_stm32f10x_hd.o
SDIO_ITConfig                                     Libraries\STM32F10x_StdPeriph_Driver\src\stm32f10x_sdio.o
                                                  Utilities\STM32_EVAL\STM3210E_EVAL\stm3210e_eval_sdio_sd.o
SDIO_Init                                         Libraries\STM32F10x_StdPeriph_Driver\src\stm32f10x_sdio.o
                                                  Utilities\STM32_EVAL\STM3210E_EVAL\stm3210e_eval_sdio_sd.o
SDIO_InitStructure                                Utilities\STM32_EVAL\STM3210E_EVAL\stm3210e_eval_sdio_sd.o
SDIO_ReadData                                     Libraries\STM32F10x_StdPeriph_Driver\src\stm32f10x_sdio.o
                                                  Utilities\STM32_EVAL\STM3210E_EVAL\stm3210e_eval_sdio_sd.o
SDIO_SendCEATACmd                                 Libraries\STM32F10x_StdPeriph_Driver\src\stm32f10x_sdio.o
SDIO_SendCommand                                  Libraries\STM32F10x_StdPeriph_Driver\src\stm32f10x_sdio.o
                                                  Utilities\STM32_EVAL\STM3210E_EVAL\stm3210e_eval_sdio_sd.o
SDIO_SendSDIOSuspendCmd                           Libraries\STM32F10x_StdPeriph_Driver\src\stm32f10x_sdio.o
SDIO_SetPowerState                                Libraries\STM32F10x_StdPeriph_Driver\src\stm32f10x_sdio.o
                                                  Utilities\STM32_EVAL\STM3210E_EVAL\stm3210e_eval.o
                                                  Utilities\STM32_EVAL\STM3210E_EVAL\stm3210e_eval_sdio_sd.o
SDIO_SetSDIOOperation                             Libraries\STM32F10x_StdPeriph_Driver\src\stm32f10x_sdio.o
SDIO_SetSDIOReadWaitMode                          Libraries\STM32F10x_StdPeriph_Driver\src\stm32f10x_sdio.o
SDIO_StartSDIOReadWait                            Libraries\STM32F10x_StdPeriph_Driver\src\stm32f10x_sdio.o
SDIO_StopSDIOReadWait                             Libraries\STM32F10x_StdPeriph_Driver\src\stm32f10x_sdio.o
SDIO_StructInit                                   Libraries\STM32F10x_StdPeriph_Driver\src\stm32f10x_sdio.o
SDIO_WriteData                                    Libraries\STM32F10x_StdPeriph_Driver\src\stm32f10x_sdio.o
SD_DMAEndOfTransferStatus                         Utilities\STM32_EVAL\STM3210E_EVAL\stm3210e_eval.o
SD_DeInit                                         Utilities\STM32_EVAL\STM3210E_EVAL\stm3210e_eval_sdio_sd.o
SD_Detect                                         Utilities\STM32_EVAL\STM3210E_EVAL\stm3210e_eval_sdio_sd.o
SD_EnableWideBusOperation                         Utilities\STM32_EVAL\STM3210E_EVAL\stm3210e_eval_sdio_sd.o
SD_Erase                                          Utilities\STM32_EVAL\STM3210E_EVAL\stm3210e_eval_sdio_sd.o
SD_GetCardInfo                                    Utilities\STM32_EVAL\STM3210E_EVAL\stm3210e_eval_sdio_sd.o
SD_GetCardStatus                                  Utilities\STM32_EVAL\STM3210E_EVAL\stm3210e_eval_sdio_sd.o